[    0.000000] Linux version 6.3.0-v6.3_heterobox_3G_fast+ (root@localhost.localdomain) (gcc (GCC) 11.4.1 20230605 (Red Hat 11.4.1-2), GNU ld version 2.35.2-42.el9) #30 SMP PREEMPT_DYNAMIC Sun Jul  7 21:02:44 CST 2024
[    0.000000] Command line: BOOT_IMAGE=(hd1,gpt1)/vmlinuz-6.3.0-v6.3_heterobox_3G_fast+ root=/dev/mapper/cs-home ro crashkernel=1G-4G:192M,4G-64G:256M,64G-:512M resume=/dev/mapper/cs-swap rd.lvm.lv=cs/home rd.lvm.lv=cs/swap rhgb quiet
[    0.000000] x86/split lock detection: #AC: crashing the kernel on kernel split_locks and warning on user-space split_locks
[    0.000000] x86/fpu: Supporting XSAVE feature 0x001: 'x87 floating point registers'
[    0.000000] x86/fpu: Supporting XSAVE feature 0x002: 'SSE registers'
[    0.000000] x86/fpu: Supporting XSAVE feature 0x004: 'AVX registers'
[    0.000000] x86/fpu: Supporting XSAVE feature 0x020: 'AVX-512 opmask'
[    0.000000] x86/fpu: Supporting XSAVE feature 0x040: 'AVX-512 Hi256'
[    0.000000] x86/fpu: Supporting XSAVE feature 0x080: 'AVX-512 ZMM_Hi256'
[    0.000000] x86/fpu: Supporting XSAVE feature 0x200: 'Protection Keys User registers'
[    0.000000] x86/fpu: Supporting XSAVE feature 0x400: 'PASID state'
[    0.000000] x86/fpu: Supporting XSAVE feature 0x20000: 'AMX Tile config'
[    0.000000] x86/fpu: Supporting XSAVE feature 0x40000: 'AMX Tile data'
[    0.000000] x86/fpu: xstate_offset[2]:  576, xstate_sizes[2]:  256
[    0.000000] x86/fpu: xstate_offset[5]:  832, xstate_sizes[5]:   64
[    0.000000] x86/fpu: xstate_offset[6]:  896, xstate_sizes[6]:  512
[    0.000000] x86/fpu: xstate_offset[7]: 1408, xstate_sizes[7]: 1024
[    0.000000] x86/fpu: xstate_offset[9]: 2432, xstate_sizes[9]:    8
[    0.000000] x86/fpu: xstate_offset[10]: 2440, xstate_sizes[10]:    8
[    0.000000] x86/fpu: xstate_offset[17]: 2496, xstate_sizes[17]:   64
[    0.000000] x86/fpu: xstate_offset[18]: 2560, xstate_sizes[18]: 8192
[    0.000000] x86/fpu: Enabled xstate features 0x606e7, context size is 10752 bytes, using 'compacted' format.
[    0.000000] signal: max sigframe size: 11952
[    0.000000] BIOS-provided physical RAM map:
[    0.000000] BIOS-e820: [mem 0x0000000000000000-0x000000000003dfff] usable
[    0.000000] BIOS-e820: [mem 0x000000000003e000-0x000000000003efff] reserved
[    0.000000] BIOS-e820: [mem 0x000000000003f000-0x000000000009ffff] usable
[    0.000000] BIOS-e820: [mem 0x00000000000a0000-0x00000000000fffff] reserved
[    0.000000] BIOS-e820: [mem 0x0000000000100000-0x000000006d97dfff] usable
[    0.000000] BIOS-e820: [mem 0x000000006d97e000-0x000000006fa7dfff] reserved
[    0.000000] BIOS-e820: [mem 0x000000006fa7e000-0x000000007037dfff] ACPI data
[    0.000000] BIOS-e820: [mem 0x000000007037e000-0x00000000739fdfff] ACPI NVS
[    0.000000] BIOS-e820: [mem 0x00000000739fe000-0x00000000777fefff] reserved
[    0.000000] BIOS-e820: [mem 0x00000000777ff000-0x00000000777fffff] usable
[    0.000000] BIOS-e820: [mem 0x0000000077800000-0x000000008fffffff] reserved
[    0.000000] BIOS-e820: [mem 0x00000000fe010000-0x00000000fe010fff] reserved
[    0.000000] BIOS-e820: [mem 0x00000000ff000000-0x00000000ffffffff] reserved
[    0.000000] BIOS-e820: [mem 0x0000000100000000-0x000000207fffffff] usable
[    0.000000] BIOS-e820: [mem 0x0000002080000000-0x000000247fffffff] soft reserved
[    0.000000] NX (Execute Disable) protection: active
[    0.000000] e820: update [mem 0x5bfc7018-0x5bfcf057] usable ==> usable
[    0.000000] e820: update [mem 0x5bfc7018-0x5bfcf057] usable ==> usable
[    0.000000] e820: update [mem 0x5b907018-0x5b93fe57] usable ==> usable
[    0.000000] e820: update [mem 0x5b907018-0x5b93fe57] usable ==> usable
[    0.000000] e820: update [mem 0x5b8ce018-0x5b906e57] usable ==> usable
[    0.000000] e820: update [mem 0x5b8ce018-0x5b906e57] usable ==> usable
[    0.000000] e820: update [mem 0x5bfbd018-0x5bfc3657] usable ==> usable
[    0.000000] e820: update [mem 0x5bfbd018-0x5bfc3657] usable ==> usable
[    0.000000] extended physical RAM map:
[    0.000000] reserve setup_data: [mem 0x0000000000000000-0x000000000003dfff] usable
[    0.000000] reserve setup_data: [mem 0x000000000003e000-0x000000000003efff] reserved
[    0.000000] reserve setup_data: [mem 0x000000000003f000-0x000000000009ffff] usable
[    0.000000] reserve setup_data: [mem 0x00000000000a0000-0x00000000000fffff] reserved
[    0.000000] reserve setup_data: [mem 0x0000000000100000-0x000000005b8ce017] usable
[    0.000000] reserve setup_data: [mem 0x000000005b8ce018-0x000000005b906e57] usable
[    0.000000] reserve setup_data: [mem 0x000000005b906e58-0x000000005b907017] usable
[    0.000000] reserve setup_data: [mem 0x000000005b907018-0x000000005b93fe57] usable
[    0.000000] reserve setup_data: [mem 0x000000005b93fe58-0x000000005bfbd017] usable
[    0.000000] reserve setup_data: [mem 0x000000005bfbd018-0x000000005bfc3657] usable
[    0.000000] reserve setup_data: [mem 0x000000005bfc3658-0x000000005bfc7017] usable
[    0.000000] reserve setup_data: [mem 0x000000005bfc7018-0x000000005bfcf057] usable
[    0.000000] reserve setup_data: [mem 0x000000005bfcf058-0x000000006d97dfff] usable
[    0.000000] reserve setup_data: [mem 0x000000006d97e000-0x000000006fa7dfff] reserved
[    0.000000] reserve setup_data: [mem 0x000000006fa7e000-0x000000007037dfff] ACPI data
[    0.000000] reserve setup_data: [mem 0x000000007037e000-0x00000000739fdfff] ACPI NVS
[    0.000000] reserve setup_data: [mem 0x00000000739fe000-0x00000000777fefff] reserved
[    0.000000] reserve setup_data: [mem 0x00000000777ff000-0x00000000777fffff] usable
[    0.000000] reserve setup_data: [mem 0x0000000077800000-0x000000007fffffff] reserved
[    0.000000] reserve setup_data: [mem 0x0000000080000000-0x000000008fffffff] persistent (type 12)
[    0.000000] reserve setup_data: [mem 0x0000000090000000-0x00000000fe00ffff] persistent (type 12)
[    0.000000] reserve setup_data: [mem 0x00000000fe010000-0x00000000fe010fff] persistent (type 12)
[    0.000000] reserve setup_data: [mem 0x00000000fe011000-0x00000000feffffff] persistent (type 12)
[    0.000000] reserve setup_data: [mem 0x00000000ff000000-0x00000000ffffffff] persistent (type 12)
[    0.000000] reserve setup_data: [mem 0x0000000100000000-0x0000001e7fffffff] persistent (type 12)
[    0.000000] reserve setup_data: [mem 0x0000001e80000000-0x000000207fffffff] usable
[    0.000000] reserve setup_data: [mem 0x0000002080000000-0x000000247fffffff] soft reserved
[    0.000000] user-defined physical RAM map:
[    0.000000] user: [mem 0x0000000000000000-0x000000000003dfff] usable
[    0.000000] user: [mem 0x000000000003e000-0x000000000003efff] reserved
[    0.000000] user: [mem 0x000000000003f000-0x000000000009ffff] usable
[    0.000000] user: [mem 0x00000000000a0000-0x00000000000fffff] reserved
[    0.000000] user: [mem 0x0000000000100000-0x000000005b8ce017] usable
[    0.000000] user: [mem 0x000000005b8ce018-0x000000005b906e57] usable
[    0.000000] user: [mem 0x000000005b906e58-0x000000005b907017] usable
[    0.000000] user: [mem 0x000000005b907018-0x000000005b93fe57] usable
[    0.000000] user: [mem 0x000000005b93fe58-0x000000005bfbd017] usable
[    0.000000] user: [mem 0x000000005bfbd018-0x000000005bfc3657] usable
[    0.000000] user: [mem 0x000000005bfc3658-0x000000005bfc7017] usable
[    0.000000] user: [mem 0x000000005bfc7018-0x000000005bfcf057] usable
[    0.000000] user: [mem 0x000000005bfcf058-0x000000006d97dfff] usable
[    0.000000] user: [mem 0x000000006d97e000-0x000000006fa7dfff] reserved
[    0.000000] user: [mem 0x000000006fa7e000-0x000000007037dfff] ACPI data
[    0.000000] user: [mem 0x000000007037e000-0x00000000739fdfff] ACPI NVS
[    0.000000] user: [mem 0x00000000739fe000-0x00000000777fefff] reserved
[    0.000000] user: [mem 0x00000000777ff000-0x00000000777fffff] usable
[    0.000000] user: [mem 0x0000000077800000-0x000000007fffffff] reserved
[    0.000000] user: [mem 0x0000000080000000-0x000000008fffffff] persistent (type 12)
[    0.000000] user: [mem 0x0000000090000000-0x00000000fe00ffff] persistent (type 12)
[    0.000000] user: [mem 0x00000000fe010000-0x00000000fe010fff] persistent (type 12)
[    0.000000] user: [mem 0x00000000fe011000-0x00000000feffffff] persistent (type 12)
[    0.000000] user: [mem 0x00000000ff000000-0x00000000ffffffff] persistent (type 12)
[    0.000000] user: [mem 0x0000000100000000-0x0000001e7fffffff] persistent (type 12)
[    0.000000] user: [mem 0x0000001e80000000-0x000000207fffffff] usable
[    0.000000] user: [mem 0x0000002080000000-0x000000247fffffff] soft reserved
[    0.000000] efi: EFI v2.8 by American Megatrends
[    0.000000] efi: ACPI=0x7397a000 ACPI 2.0=0x7397a014 SMBIOS=0x76e06000 SMBIOS 3.0=0x76e05000 MEMATTR=0x672c2018 ESRT=0x5beedf18 MOKvar=0x76ec9000 RNG=0x6ff71018 
[    0.000000] random: crng init done
[    0.000000] efi: Remove mem644: MMIO range=[0x80000000-0x8fffffff] (256MB) from e820 map
[    0.000000] e820: remove [mem 0x80000000-0x8fffffff] reserved
[    0.000000] efi: Not removing mem645: MMIO range=[0xfe010000-0xfe010fff] (4KB) from e820 map
[    0.000000] efi: Remove mem646: MMIO range=[0xff000000-0xffffffff] (16MB) from e820 map
[    0.000000] e820: remove [mem 0xff000000-0xffffffff] reserved
[    0.000000] SMBIOS 3.5.0 present.
[    0.000000] DMI: Supermicro SYS-741GE-TNRT/X13DEG-QT, BIOS 1.1 01/19/2023
[    0.000000] tsc: Detected 2100.000 MHz processor
[    0.000016] .text .data .bss are not marked as E820_TYPE_RAM!
[    0.000017] e820: remove [mem 0xad5800000-0xad902ffff] 
[    0.000019] e820: update [mem 0x00000000-0x00000fff] usable ==> reserved
[    0.000021] e820: remove [mem 0x000a0000-0x000fffff] usable
[    0.000036] last_pfn = 0x2080000 max_arch_pfn = 0x10000000000
[    0.000043] total RAM covered: 260096M
[    0.000185] Found optimal setting for mtrr clean up
[    0.000186]  gran_size: 64K 	chunk_size: 64K 	num_reg: 7  	lose cover RAM: 0G
[    0.000189] x86/PAT: Configuration [0-7]: WB  WC  UC- UC  WB  WP  UC- WT  
[    0.000878] e820: update [mem 0x80000000-0xffffffff] usable ==> reserved
[    0.000883] x2apic: enabled by BIOS, switching to x2apic ops
[    0.000885] last_pfn = 0x77800 max_arch_pfn = 0x10000000000
[    0.001000] esrt: Reserving ESRT space from 0x000000005beedf18 to 0x000000005beedf50.
[    0.001000] e820: update [mem 0x5beed000-0x5beedfff] usable ==> reserved
[    0.001000] Using GB pages for direct mapping
[    0.001000] Secure boot disabled
[    0.001000] RAMDISK: [mem 0x5488a000-0x5afcefff]
[    0.001000] ACPI: Early table checksum verification disabled
[    0.001000] ACPI: RSDP 0x000000007397A014 000024 (v02 SUPERM)
[    0.001000] ACPI: XSDT 0x0000000073979728 000134 (v01 SUPERM SMCI--MB 01072009 AMI  01000013)
[    0.001000] ACPI: FACP 0x0000000070378000 000114 (v06 SUPERM SMCI--MB 01072009 INTL 20091013)
[    0.001000] ACPI: DSDT 0x00000000702A8000 0CF5A2 (v02 SUPERM SMCI--MB 01072009 INTL 20091013)
[    0.001000] ACPI: FACS 0x00000000739FC000 000040
[    0.001000] ACPI: CEDT 0x000000007037B000 000044 (v01 SUPERM A M I    01072009 AMI  01000013)
[    0.001000] ACPI: SPMI 0x000000007037A000 000041 (v05 SUPERM SMCI--MB 00000000 AMI. 00000000)
[    0.001000] ACPI: SPMI 0x0000000070379000 000041 (v05 SUPERM SMCI--MB 00000000 AMI. 00000000)
[    0.001000] ACPI: FIDT 0x00000000702A7000 00009C (v01 SUPERM SMCI--MB 01072009 AMI  00010013)
[    0.001000] ACPI: SSDT 0x000000007037D000 000156 (v02 SUPERM PRMOPREG 00001000 INTL 20210331)
[    0.001000] ACPI: SSDT 0x000000007037C000 000145 (v02 SUPERM PRMSAMPL 00001000 INTL 20210331)
[    0.001000] ACPI: SSDT 0x00000000702A6000 0006F7 (v02 INTEL  RAS_ACPI 00000001 INTL 20210331)
[    0.001000] ACPI: SSDT 0x00000000702A5000 000406 (v02 INTEL  SruTable 00001000 INTL 20210331)
[    0.001000] ACPI: SSDT 0x00000000702A4000 000397 (v02 INTEL  SstsTbl  00001000 INTL 20210331)
[    0.001000] ACPI: ERST 0x00000000702A3000 000230 (v01 SUPERM SMCI--MB 00000001 INTL 00000001)
[    0.001000] ACPI: BERT 0x00000000702A2000 000030 (v01 SUPERM SMCI--MB 00000001 INTL 00000001)
[    0.001000] ACPI: SSDT 0x00000000702A1000 000859 (v02 INTEL  ADDRXLAT 00000001 INTL 20210331)
[    0.001000] ACPI: MCFG 0x00000000702A0000 00003C (v01 SUPERM SMCI--MB 01072009 MSFT 00000097)
[    0.001000] ACPI: BDAT 0x000000007029F000 000030 (v01 SUPERM SMCI--MB 00000000 INTL 20091013)
[    0.001000] ACPI: HPET 0x000000007029E000 000038 (v01 SUPERM SMCI--MB 00000001 INTL 20091013)
[    0.001000] ACPI: MSCT 0x000000007029D000 000090 (v01 SUPERM SMCI--MB 00000001 INTL 20091013)
[    0.001000] ACPI: WDDT 0x000000007029C000 000040 (v01 SUPERM SMCI--MB 00000000 INTL 20091013)
[    0.001000] ACPI: APIC 0x000000007029A000 00045E (v05 SUPERM SMCI--MB 00000000 INTL 20091013)
[    0.001000] ACPI: OEM4 0x0000000070108000 187A51 (v02 INTEL  CPU  CST 00003000 INTL 20210331)
[    0.001000] ACPI: OEM1 0x000000006FFF4000 113479 (v02 INTEL  CPU EIST 00003000 INTL 20210331)
[    0.001000] ACPI: SSDT 0x000000006FF8A000 069895 (v02 INTEL  SSDT  PM 00004000 INTL 20210331)
[    0.001000] ACPI: SSDT 0x000000006FF89000 0009F1 (v02 SUPERM SMCI--MB 00000000 INTL 20091013)
[    0.001000] ACPI: HEST 0x000000006FF88000 00013C (v01 SUPERM SMCI--MB 00000001 INTL 00000001)
[    0.001000] ACPI: DMAR 0x000000006FF87000 0002B0 (v01 SUPERM SMCI--MB 00000001 INTL 20091013)
[    0.001000] ACPI: FPDT 0x000000006FF86000 000044 (v01 SUPERM A M I    01072009 AMI  01000013)
[    0.001000] ACPI: PRMT 0x000000006FF85000 000138 (v00 SUPERM SMCI--MB 01072009 AMI  01000013)
[    0.001000] ACPI: BGRT 0x000000006FF84000 000038 (v01 SUPERM SMCI--MB 01072009 AMI  00010013)
[    0.001000] ACPI: SSDT 0x000000006FF7C000 0078BA (v02 INTEL  SpsNm    00000002 INTL 20210331)
[    0.001000] ACPI: SSDT 0x000000006FF72000 009424 (v01 SUPERM SMCCDN   00000000 INTL 20181221)
[    0.001000] ACPI: WSMT 0x000000007029B000 000028 (v01 SUPERM SMCI--MB 01072009 AMI  00010013)
[    0.001000] ACPI: SRAT 0x0000000070292000 007858 (v03 SUPERM SMCI--MB 00000002 AMI  01000013)
[    0.001000] ACPI: SLIT 0x0000000070291000 000030 (v01 SUPERM SMCI--MB 01072009 AMI  01000013)
[    0.001000] ACPI: HMAT 0x0000000070290000 000138 (v02 SUPERM SMCI--MB 01072009 AMI  01000013)
[    0.001000] ACPI: Reserving FACP table memory at [mem 0x70378000-0x70378113]
[    0.001000] ACPI: Reserving DSDT table memory at [mem 0x702a8000-0x703775a1]
[    0.001000] ACPI: Reserving FACS table memory at [mem 0x739fc000-0x739fc03f]
[    0.001000] ACPI: Reserving CEDT table memory at [mem 0x7037b000-0x7037b043]
[    0.001000] ACPI: Reserving SPMI table memory at [mem 0x7037a000-0x7037a040]
[    0.001000] ACPI: Reserving SPMI table memory at [mem 0x70379000-0x70379040]
[    0.001000] ACPI: Reserving FIDT table memory at [mem 0x702a7000-0x702a709b]
[    0.001000] ACPI: Reserving SSDT table memory at [mem 0x7037d000-0x7037d155]
[    0.001000] ACPI: Reserving SSDT table memory at [mem 0x7037c000-0x7037c144]
[    0.001000] ACPI: Reserving SSDT table memory at [mem 0x702a6000-0x702a66f6]
[    0.001000] ACPI: Reserving SSDT table memory at [mem 0x702a5000-0x702a5405]
[    0.001000] ACPI: Reserving SSDT table memory at [mem 0x702a4000-0x702a4396]
[    0.001000] ACPI: Reserving ERST table memory at [mem 0x702a3000-0x702a322f]
[    0.001000] ACPI: Reserving BERT table memory at [mem 0x702a2000-0x702a202f]
[    0.001000] ACPI: Reserving SSDT table memory at [mem 0x702a1000-0x702a1858]
[    0.001000] ACPI: Reserving MCFG table memory at [mem 0x702a0000-0x702a003b]
[    0.001000] ACPI: Reserving BDAT table memory at [mem 0x7029f000-0x7029f02f]
[    0.001000] ACPI: Reserving HPET table memory at [mem 0x7029e000-0x7029e037]
[    0.001000] ACPI: Reserving MSCT table memory at [mem 0x7029d000-0x7029d08f]
[    0.001000] ACPI: Reserving WDDT table memory at [mem 0x7029c000-0x7029c03f]
[    0.001000] ACPI: Reserving APIC table memory at [mem 0x7029a000-0x7029a45d]
[    0.001000] ACPI: Reserving OEM4 table memory at [mem 0x70108000-0x7028fa50]
[    0.001000] ACPI: Reserving OEM1 table memory at [mem 0x6fff4000-0x70107478]
[    0.001000] ACPI: Reserving SSDT table memory at [mem 0x6ff8a000-0x6fff3894]
[    0.001000] ACPI: Reserving SSDT table memory at [mem 0x6ff89000-0x6ff899f0]
[    0.001000] ACPI: Reserving HEST table memory at [mem 0x6ff88000-0x6ff8813b]
[    0.001000] ACPI: Reserving DMAR table memory at [mem 0x6ff87000-0x6ff872af]
[    0.001000] ACPI: Reserving FPDT table memory at [mem 0x6ff86000-0x6ff86043]
[    0.001000] ACPI: Reserving PRMT table memory at [mem 0x6ff85000-0x6ff85137]
[    0.001000] ACPI: Reserving BGRT table memory at [mem 0x6ff84000-0x6ff84037]
[    0.001000] ACPI: Reserving SSDT table memory at [mem 0x6ff7c000-0x6ff838b9]
[    0.001000] ACPI: Reserving SSDT table memory at [mem 0x6ff72000-0x6ff7b423]
[    0.001000] ACPI: Reserving WSMT table memory at [mem 0x7029b000-0x7029b027]
[    0.001000] ACPI: Reserving SRAT table memory at [mem 0x70292000-0x70299857]
[    0.001000] ACPI: Reserving SLIT table memory at [mem 0x70291000-0x7029102f]
[    0.001000] ACPI: Reserving HMAT table memory at [mem 0x70290000-0x70290137]
[    0.001000] Setting APIC routing to cluster x2apic.
[    0.001000] SRAT: PXM 0 -> APIC 0x0000 -> Node 0
[    0.001000] SRAT: PXM 0 -> APIC 0x0001 -> Node 0
[    0.001000] SRAT: PXM 0 -> APIC 0x0002 -> Node 0
[    0.001000] SRAT: PXM 0 -> APIC 0x0003 -> Node 0
[    0.001000] SRAT: PXM 0 -> APIC 0x0004 -> Node 0
[    0.001000] SRAT: PXM 0 -> APIC 0x0005 -> Node 0
[    0.001000] SRAT: PXM 0 -> APIC 0x0006 -> Node 0
[    0.001000] SRAT: PXM 0 -> APIC 0x0007 -> Node 0
[    0.001000] SRAT: PXM 0 -> APIC 0x0008 -> Node 0
[    0.001000] SRAT: PXM 0 -> APIC 0x0009 -> Node 0
[    0.001000] SRAT: PXM 0 -> APIC 0x000a -> Node 0
[    0.001000] SRAT: PXM 0 -> APIC 0x000b -> Node 0
[    0.001000] SRAT: PXM 0 -> APIC 0x000c -> Node 0
[    0.001000] SRAT: PXM 0 -> APIC 0x000d -> Node 0
[    0.001000] SRAT: PXM 0 -> APIC 0x000e -> Node 0
[    0.001000] SRAT: PXM 0 -> APIC 0x000f -> Node 0
[    0.001000] SRAT: PXM 0 -> APIC 0x0010 -> Node 0
[    0.001000] SRAT: PXM 0 -> APIC 0x0011 -> Node 0
[    0.001000] SRAT: PXM 0 -> APIC 0x0012 -> Node 0
[    0.001000] SRAT: PXM 0 -> APIC 0x0013 -> Node 0
[    0.001000] SRAT: PXM 0 -> APIC 0x0014 -> Node 0
[    0.001000] SRAT: PXM 0 -> APIC 0x0015 -> Node 0
[    0.001000] SRAT: PXM 0 -> APIC 0x0016 -> Node 0
[    0.001000] SRAT: PXM 0 -> APIC 0x0017 -> Node 0
[    0.001000] SRAT: PXM 0 -> APIC 0x0018 -> Node 0
[    0.001000] SRAT: PXM 0 -> APIC 0x0019 -> Node 0
[    0.001000] SRAT: PXM 0 -> APIC 0x001a -> Node 0
[    0.001000] SRAT: PXM 0 -> APIC 0x001b -> Node 0
[    0.001000] SRAT: PXM 0 -> APIC 0x001c -> Node 0
[    0.001000] SRAT: PXM 0 -> APIC 0x001d -> Node 0
[    0.001000] SRAT: PXM 0 -> APIC 0x001e -> Node 0
[    0.001000] SRAT: PXM 0 -> APIC 0x001f -> Node 0
[    0.001000] SRAT: PXM 0 -> APIC 0x0020 -> Node 0
[    0.001000] SRAT: PXM 0 -> APIC 0x0021 -> Node 0
[    0.001000] SRAT: PXM 0 -> APIC 0x0022 -> Node 0
[    0.001000] SRAT: PXM 0 -> APIC 0x0023 -> Node 0
[    0.001000] SRAT: PXM 0 -> APIC 0x0024 -> Node 0
[    0.001000] SRAT: PXM 0 -> APIC 0x0025 -> Node 0
[    0.001000] SRAT: PXM 0 -> APIC 0x0026 -> Node 0
[    0.001000] SRAT: PXM 0 -> APIC 0x0027 -> Node 0
[    0.001000] SRAT: PXM 0 -> APIC 0x0028 -> Node 0
[    0.001000] SRAT: PXM 0 -> APIC 0x0029 -> Node 0
[    0.001000] SRAT: PXM 0 -> APIC 0x002a -> Node 0
[    0.001000] SRAT: PXM 0 -> APIC 0x002b -> Node 0
[    0.001000] SRAT: PXM 0 -> APIC 0x002c -> Node 0
[    0.001000] SRAT: PXM 0 -> APIC 0x002d -> Node 0
[    0.001000] SRAT: PXM 0 -> APIC 0x002e -> Node 0
[    0.001000] SRAT: PXM 0 -> APIC 0x002f -> Node 0
[    0.001000] SRAT: PXM 0 -> APIC 0x0030 -> Node 0
[    0.001000] SRAT: PXM 0 -> APIC 0x0031 -> Node 0
[    0.001000] SRAT: PXM 0 -> APIC 0x0032 -> Node 0
[    0.001000] SRAT: PXM 0 -> APIC 0x0033 -> Node 0
[    0.001000] SRAT: PXM 0 -> APIC 0x0034 -> Node 0
[    0.001000] SRAT: PXM 0 -> APIC 0x0035 -> Node 0
[    0.001000] SRAT: PXM 0 -> APIC 0x0036 -> Node 0
[    0.001000] SRAT: PXM 0 -> APIC 0x0037 -> Node 0
[    0.001000] SRAT: PXM 0 -> APIC 0x0038 -> Node 0
[    0.001000] SRAT: PXM 0 -> APIC 0x0039 -> Node 0
[    0.001000] SRAT: PXM 0 -> APIC 0x003a -> Node 0
[    0.001000] SRAT: PXM 0 -> APIC 0x003b -> Node 0
[    0.001000] SRAT: PXM 0 -> APIC 0x003c -> Node 0
[    0.001000] SRAT: PXM 0 -> APIC 0x003d -> Node 0
[    0.001000] SRAT: PXM 0 -> APIC 0x003e -> Node 0
[    0.001000] SRAT: PXM 0 -> APIC 0x003f -> Node 0
[    0.001000] ACPI: SRAT: Node 0 PXM 0 [mem 0x00000000-0x7fffffff]
[    0.001000] ACPI: SRAT: Node 0 PXM 0 [mem 0x100000000-0x207fffffff]
[    0.001000] ACPI: SRAT: Node 1 PXM 1 [mem 0x2088000000-0x20c7ffffff]
[    0.001000] ACPI: SRAT: Node 2 PXM 2 [mem 0x20c8000000-0x247fffffff]
[    0.001000] NUMA: Initialized distance table, cnt=3
[    0.001000] NUMA: Node 0 [mem 0x00000000-0x7fffffff] + [mem 0x100000000-0x207fffffff] -> [mem 0x00000000-0x207fffffff]
[    0.001000] NODE_DATA(0) allocated [mem 0x207ffd2000-0x207fffcfff]
[    0.001000] NODE_DATA(1) allocated [mem 0x207ffa7000-0x207ffd1fff]
[    0.001000]     NODE_DATA(1) on node 0
[    0.001000] NODE_DATA(2) allocated [mem 0x207ff7c000-0x207ffa6fff]
[    0.001000]     NODE_DATA(2) on node 0
[    0.001000] Reserving 256MB of memory at 960MB for crashkernel (System RAM: 10001MB)
[    0.001000] Zone ranges:
[    0.001000]   DMA      [mem 0x0000000000001000-0x0000000000ffffff]
[    0.001000]   DMA32    [mem 0x0000000001000000-0x00000000ffffffff]
[    0.001000]   Normal   [mem 0x0000000100000000-0x000000207fffffff]
[    0.001000]   Device   empty
[    0.001000] Movable zone start for each node
[    0.001000] Early memory node ranges
[    0.001000]   node   0: [mem 0x0000000000001000-0x000000000003dfff]
[    0.001000]   node   0: [mem 0x000000000003f000-0x000000000009ffff]
[    0.001000]   node   0: [mem 0x0000000000100000-0x000000006d97dfff]
[    0.001000]   node   0: [mem 0x00000000777ff000-0x00000000777fffff]
[    0.001000]   node   0: [mem 0x0000000ad5800000-0x0000000ad902ffff]
[    0.001000]   node   0: [mem 0x0000001e80000000-0x000000207fffffff]
[    0.001000] Initmem setup node 0 [mem 0x0000000000001000-0x000000207fffffff]
[    0.001000] Initmem setup node 1 as memoryless
[    0.001000] Initmem setup node 2 as memoryless
[    0.001000] On node 0, zone DMA: 1 pages in unavailable ranges
[    0.001000] On node 0, zone DMA: 1 pages in unavailable ranges
[    0.001000] On node 0, zone DMA: 96 pages in unavailable ranges
[    0.001000] On node 0, zone DMA32: 40577 pages in unavailable ranges
[    0.001000] On node 0, zone Normal: 24576 pages in unavailable ranges
[    0.001000] On node 0, zone Normal: 28624 pages in unavailable ranges
[    0.001000] ACPI: PM-Timer IO Port: 0x508
[    0.001000] ACPI: X2APIC_NMI (uid[0xffffffff] high edge lint[0x1])
[    0.001000] ACPI: LAPIC_NMI (acpi_id[0xff] high edge lint[0x1])
[    0.001000] IOAPIC[0]: apic_id 8, version 32, address 0xfec00000, GSI 0-23
[    0.001000] ACPI: INT_SRC_OVR (bus 0 bus_irq 0 global_irq 2 dfl dfl)
[    0.001000] ACPI: INT_SRC_OVR (bus 0 bus_irq 9 global_irq 9 high level)
[    0.001000] ACPI: Using ACPI (MADT) for SMP configuration information
[    0.001000] ACPI: HPET id: 0x8086a701 base: 0xfed00000
[    0.001000] e820: update [mem 0x66909000-0x66b49fff] usable ==> reserved
[    0.001000] TSC deadline timer available
[    0.001000] smpboot: Allowing 64 CPUs, 0 hotplug CPUs
[    0.001000] PM: hibernation: Registered nosave memory: [mem 0x00000000-0x00000fff]
[    0.001000] PM: hibernation: Registered nosave memory: [mem 0x0003e000-0x0003efff]
[    0.001000] PM: hibernation: Registered nosave memory: [mem 0x000a0000-0x000fffff]
[    0.001000] PM: hibernation: Registered nosave memory: [mem 0x5b8ce000-0x5b8cefff]
[    0.001000] PM: hibernation: Registered nosave memory: [mem 0x5b906000-0x5b906fff]
[    0.001000] PM: hibernation: Registered nosave memory: [mem 0x5b907000-0x5b907fff]
[    0.001000] PM: hibernation: Registered nosave memory: [mem 0x5b93f000-0x5b93ffff]
[    0.001000] PM: hibernation: Registered nosave memory: [mem 0x5beed000-0x5beedfff]
[    0.001000] PM: hibernation: Registered nosave memory: [mem 0x5bfbd000-0x5bfbdfff]
[    0.001000] PM: hibernation: Registered nosave memory: [mem 0x5bfc3000-0x5bfc3fff]
[    0.001000] PM: hibernation: Registered nosave memory: [mem 0x5bfc7000-0x5bfc7fff]
[    0.001000] PM: hibernation: Registered nosave memory: [mem 0x5bfcf000-0x5bfcffff]
[    0.001000] PM: hibernation: Registered nosave memory: [mem 0x66909000-0x66b49fff]
[    0.001000] PM: hibernation: Registered nosave memory: [mem 0x6d97e000-0x6fa7dfff]
[    0.001000] PM: hibernation: Registered nosave memory: [mem 0x6fa7e000-0x7037dfff]
[    0.001000] PM: hibernation: Registered nosave memory: [mem 0x7037e000-0x739fdfff]
[    0.001000] PM: hibernation: Registered nosave memory: [mem 0x739fe000-0x777fefff]
[    0.001000] PM: hibernation: Registered nosave memory: [mem 0x77800000-0x7fffffff]
[    0.001000] PM: hibernation: Registered nosave memory: [mem 0x80000000-0x8fffffff]
[    0.001000] PM: hibernation: Registered nosave memory: [mem 0x90000000-0xfe00ffff]
[    0.001000] PM: hibernation: Registered nosave memory: [mem 0xfe010000-0xfe010fff]
[    0.001000] PM: hibernation: Registered nosave memory: [mem 0xfe011000-0xfeffffff]
[    0.001000] PM: hibernation: Registered nosave memory: [mem 0xff000000-0xffffffff]
[    0.001000] PM: hibernation: Registered nosave memory: [mem 0x100000000-0xad57fffff]
[    0.001000] PM: hibernation: Registered nosave memory: [mem 0xad9030000-0x1e7fffffff]
[    0.001000] Cannot find an available gap in the 32-bit address range
[    0.001000] PCI devices with unassigned 32-bit BARs may not work!
[    0.001000] [mem 0x2080100000-0x20804fffff] available for PCI devices
[    0.001000] Booting paravirtualized kernel on bare hardware
[    0.001000] clocksource: refined-jiffies: mask: 0xffffffff max_cycles: 0xffffffff, max_idle_ns: 1910969940391419 ns
[    0.001000] setup_percpu: NR_CPUS:8192 nr_cpumask_bits:64 nr_cpu_ids:64 nr_node_ids:3
[    0.001000] percpu: Embedded 62 pages/cpu s217088 r8192 d28672 u262144
[    0.001000] pcpu-alloc: s217088 r8192 d28672 u262144 alloc=1*2097152
[    0.001000] pcpu-alloc: [0] 00 01 02 03 04 05 06 07 [0] 08 09 10 11 12 13 14 15 
[    0.001000] pcpu-alloc: [0] 16 17 18 19 20 21 22 23 [0] 24 25 26 27 28 29 30 31 
[    0.001000] pcpu-alloc: [0] 32 33 34 35 36 37 38 39 [0] 40 41 42 43 44 45 46 47 
[    0.001000] pcpu-alloc: [0] 48 49 50 51 52 53 54 55 [0] 56 57 58 59 60 61 62 63 
[    0.001000] Fallback order for Node 0: 0 
[    0.001000] Fallback order for Node 1: 1 0 
[    0.001000] Fallback order for Node 2: 2 0 
[    0.001000] Built 3 zonelists, mobility grouping on.  Total pages: 2520168
[    0.001000] Policy zone: Normal
[    0.001000] Kernel command line: memmap=120G!2G BOOT_IMAGE=(hd1,gpt1)/vmlinuz-6.3.0-v6.3_heterobox_3G_fast+ root=/dev/mapper/cs-home ro crashkernel=1G-4G:192M,4G-64G:256M,64G-:512M resume=/dev/mapper/cs-swap rd.lvm.lv=cs/home rd.lvm.lv=cs/swap rhgb quiet
[    0.001000] Unknown kernel command line parameters "rhgb BOOT_IMAGE=(hd1,gpt1)/vmlinuz-6.3.0-v6.3_heterobox_3G_fast+", will be passed to user space.
[    0.001000] Dentry cache hash table entries: 2097152 (order: 12, 16777216 bytes, linear)
[    0.001000] Inode-cache hash table entries: 1048576 (order: 11, 8388608 bytes, linear)
[    0.001000] mem auto-init: stack:off, heap alloc:off, heap free:off
[    0.001000] software IO TLB: area num 64.
[    0.001000] Memory: 1395796K/10241332K available (16384K kernel code, 5606K rwdata, 7308K rodata, 3984K init, 18172K bss, 800132K reserved, 0K cma-reserved)
[    0.001000] SLUB: HWalign=64, Order=0-3, MinObjects=0, CPUs=64, Nodes=3
[    0.001000] ftrace: allocating 46854 entries in 184 pages
[    0.001000] ftrace: allocated 184 pages with 4 groups
[    0.001000] Dynamic Preempt: voluntary
[    0.001000] rcu: Preemptible hierarchical RCU implementation.
[    0.001000] rcu: 	RCU restricting CPUs from NR_CPUS=8192 to nr_cpu_ids=64.
[    0.001000] 	Trampoline variant of Tasks RCU enabled.
[    0.001000] 	Rude variant of Tasks RCU enabled.
[    0.001000] 	Tracing variant of Tasks RCU enabled.
[    0.001000] rcu: RCU calculated value of scheduler-enlistment delay is 100 jiffies.
[    0.001000] rcu: Adjusting geometry for rcu_fanout_leaf=16, nr_cpu_ids=64
[    0.001000] NR_IRQS: 524544, nr_irqs: 936, preallocated irqs: 16
[    0.001000] rcu: srcu_init: Setting srcu_struct sizes based on contention.
[    0.001000] kfence: initialized - using 2097152 bytes for 255 objects at 0x(____ptrval____)-0x(____ptrval____)
[    0.001000] Console: colour dummy device 80x25
[    0.001000] printk: console [tty0] enabled
[    0.001000] mempolicy: Enabling automatic NUMA balancing. Configure with numa_balancing= or the kernel.numa_balancing sysctl
[    0.001000] ACPI: Core revision 20221020
[    0.001000] clocksource: hpet: mask: 0xffffffff max_cycles: 0xffffffff, max_idle_ns: 76450417870 ns
[    0.001000] APIC: Switch to symmetric I/O mode setup
[    0.001000] DMAR: Host address width 46
[    0.001000] DMAR: DRHD base: 0x000000a97fc000 flags: 0x0
[    0.001000] DMAR: dmar0: reg_base_addr a97fc000 ver 6:0 cap 9ed008c40780466 ecap 3ee9e86f050df
[    0.001000] DMAR: DRHD base: 0x000000bd7fc000 flags: 0x0
[    0.001000] DMAR: dmar1: reg_base_addr bd7fc000 ver 6:0 cap 9ed008c40780466 ecap 3ee9e86f050df
[    0.001000] DMAR: DRHD base: 0x000000d17fc000 flags: 0x0
[    0.001000] DMAR: dmar2: reg_base_addr d17fc000 ver 6:0 cap 9ed008c40780466 ecap 3ee9e86f050df
[    0.001000] DMAR: DRHD base: 0x000000e57fc000 flags: 0x0
[    0.001000] DMAR: dmar3: reg_base_addr e57fc000 ver 6:0 cap 9ed008c40780466 ecap 3ee9e86f050df
[    0.001000] DMAR: DRHD base: 0x000000f97fc000 flags: 0x0
[    0.001000] DMAR: dmar4: reg_base_addr f97fc000 ver 6:0 cap 9ed008c40780466 ecap 3ee9e86f050df
[    0.001000] DMAR: DRHD base: 0x000000f9ffc000 flags: 0x0
[    0.001000] DMAR: dmar5: reg_base_addr f9ffc000 ver 6:0 cap 9ed008c40780466 ecap 3ef9ea6f050df
[    0.001000] DMAR: DRHD base: 0x000000fa7fc000 flags: 0x0
[    0.001000] DMAR: dmar6: reg_base_addr fa7fc000 ver 6:0 cap 9ed008c40780466 ecap 3ef9ea6f050df
[    0.001000] DMAR: DRHD base: 0x000000faffc000 flags: 0x0
[    0.001000] DMAR: dmar7: reg_base_addr faffc000 ver 6:0 cap 9ed008c40780466 ecap 3ef9ea6f050df
[    0.001000] DMAR: DRHD base: 0x000000fb7fc000 flags: 0x0
[    0.001000] DMAR: dmar8: reg_base_addr fb7fc000 ver 6:0 cap 9ed008c40780466 ecap 3ef9ea6f050df
[    0.001000] DMAR: DRHD base: 0x000000957fc000 flags: 0x1
[    0.001000] DMAR: dmar9: reg_base_addr 957fc000 ver 6:0 cap 9ed008c40780466 ecap 3ee9e86f050df
[    0.001000] DMAR: RMRR base: 0x00000076eca000 end: 0x00000076eecfff
[    0.001000] DMAR: RMRR base: 0x000000748c2000 end: 0x00000074b0bfff
[    0.001000] DMAR: ATSR flags: 0x0
[    0.001000] DMAR: RHSA base: 0x000000957fc000 proximity domain: 0x0
[    0.001000] DMAR: RHSA base: 0x000000a97fc000 proximity domain: 0x0
[    0.001000] DMAR: RHSA base: 0x000000bd7fc000 proximity domain: 0x0
[    0.001000] DMAR: RHSA base: 0x000000d17fc000 proximity domain: 0x0
[    0.001000] DMAR: RHSA base: 0x000000e57fc000 proximity domain: 0x0
[    0.001000] DMAR: RHSA base: 0x000000f97fc000 proximity domain: 0x0
[    0.001000] DMAR: RHSA base: 0x000000f9ffc000 proximity domain: 0x0
[    0.001000] DMAR: RHSA base: 0x000000fa7fc000 proximity domain: 0x0
[    0.001000] DMAR: RHSA base: 0x000000faffc000 proximity domain: 0x0
[    0.001000] DMAR: RHSA base: 0x000000fb7fc000 proximity domain: 0x0
[    0.001000] DMAR: SATC flags: 0x0
[    0.001000] DMAR-IR: IOAPIC id 8 under DRHD base  0x957fc000 IOMMU 9
[    0.001000] DMAR-IR: HPET id 0 under DRHD base 0x957fc000
[    0.001000] DMAR-IR: Queued invalidation will be enabled to support x2apic and Intr-remapping.
[    0.001000] DMAR-IR: Enabled IRQ remapping in x2apic mode
[    0.001000] ..TIMER: vector=0x30 apic1=0 pin1=2 apic2=-1 pin2=-1
[    0.001000] clocksource: tsc-early: mask: 0xffffffffffffffff max_cycles: 0x1e4530a99b6, max_idle_ns: 440795257976 ns
[    0.089687] Calibrating delay loop (skipped), value calculated using timer frequency.. 4200.00 BogoMIPS (lpj=2100000)
[    0.089690] pid_max: default: 65536 minimum: 512
[    0.094427] LSM: initializing lsm=lockdown,capability,yama,integrity,selinux,bpf
[    0.094448] Yama: becoming mindful.
[    0.094460] SELinux:  Initializing.
[    0.094530] LSM support for eBPF active
[    0.094613] Mount-cache hash table entries: 32768 (order: 6, 262144 bytes, linear)
[    0.094638] Mountpoint-cache hash table entries: 32768 (order: 6, 262144 bytes, linear)
[    0.095071] x86/cpu: SGX disabled by BIOS.
[    0.095077] x86/tme: not enabled by BIOS
[    0.095083] CPU0: Thermal monitoring enabled (TM1)
[    0.095085] x86/cpu: User Mode Instruction Prevention (UMIP) activated
[    0.095499] process: using mwait in idle threads
[    0.095503] Last level iTLB entries: 4KB 0, 2MB 0, 4MB 0
[    0.095504] Last level dTLB entries: 4KB 0, 2MB 0, 4MB 0, 1GB 0
[    0.095509] Spectre V1 : Mitigation: usercopy/swapgs barriers and __user pointer sanitization
[    0.095512] Spectre V2 : Mitigation: Enhanced / Automatic IBRS
[    0.095513] Spectre V2 : Spectre v2 / SpectreRSB mitigation: Filling RSB on context switch
[    0.095514] Spectre V2 : Spectre v2 / PBRSB-eIBRS: Retire a single CALL on VMEXIT
[    0.095516] Spectre V2 : mitigation: Enabling conditional Indirect Branch Prediction Barrier
[    0.095518] Speculative Store Bypass: Mitigation: Speculative Store Bypass disabled via prctl
[    0.111695] Freeing SMP alternatives memory: 36K
[    0.111804] smpboot: CPU0: Intel(R) Xeon(R) Gold 6430 (family: 0x6, model: 0x8f, stepping: 0x8)
[    0.111950] cblist_init_generic: Setting adjustable number of callback queues.
[    0.111956] cblist_init_generic: Setting shift to 6 and lim to 1.
[    0.111974] cblist_init_generic: Setting shift to 6 and lim to 1.
[    0.111990] cblist_init_generic: Setting shift to 6 and lim to 1.
[    0.112001] Performance Events: XSAVE Architectural LBR, PEBS fmt4+-baseline,  AnyThread deprecated, Sapphire Rapids events, 32-deep LBR, full-width counters, Intel PMU driver.
[    0.112043] ... version:                5
[    0.112044] ... bit width:              48
[    0.112045] ... generic registers:      8
[    0.112046] ... value mask:             0000ffffffffffff
[    0.112047] ... max period:             00007fffffffffff
[    0.112047] ... fixed-purpose events:   4
[    0.112048] ... event mask:             0001000f000000ff
[    0.112165] Estimated ratio of average max frequency by base frequency (times 1024): 1365
[    0.112182] rcu: Hierarchical SRCU implementation.
[    0.112183] rcu: 	Max phase no-delay instances is 400.
[    0.115685] NMI watchdog: Enabled. Permanently consumes one hw-PMU counter.
[    0.116151] smp: Bringing up secondary CPUs ...
[    0.116243] x86: Booting SMP configuration:
[    0.116244] .... node  #0, CPUs:        #1  #2  #3  #4  #5  #6  #7  #8  #9 #10 #11 #12 #13 #14 #15 #16 #17 #18 #19 #20 #21 #22 #23 #24 #25 #26 #27 #28 #29 #30 #31 #32 #33 #34 #35 #36 #37 #38 #39 #40 #41 #42 #43 #44 #45 #46 #47 #48 #49 #50 #51 #52 #53 #54 #55 #56 #57 #58 #59 #60 #61 #62 #63
[    0.980488] smp: Brought up 3 nodes, 64 CPUs
[    0.980488] smpboot: Max logical packages: 1
[    0.980488] smpboot: Total of 64 processors activated (268800.00 BogoMIPS)
[    0.991521] node 0 deferred pages initialised in 9ms
[    0.991756] devtmpfs: initialized
[    0.991756] x86/mm: Memory block size: 128MB
[    0.992728] ACPI: PM: Registering ACPI NVS region [mem 0x7037e000-0x739fdfff] (57147392 bytes)
[    0.993341] clocksource: jiffies: mask: 0xffffffff max_cycles: 0xffffffff, max_idle_ns: 1911260446275000 ns
[    0.993348] futex hash table entries: 16384 (order: 8, 1048576 bytes, linear)
[    0.993572] pinctrl core: initialized pinctrl subsystem

[    0.993621] *************************************************************
[    0.993622] **     NOTICE NOTICE NOTICE NOTICE NOTICE NOTICE NOTICE    **
[    0.993623] **                                                         **
[    0.993624] **  IOMMU DebugFS SUPPORT HAS BEEN ENABLED IN THIS KERNEL  **
[    0.993624] **                                                         **
[    0.993625] ** This means that this kernel is built to expose internal **
[    0.993625] ** IOMMU data structures, which may compromise security on **
[    0.993626] ** your system.                                            **
[    0.993626] **                                                         **
[    0.993627] ** If you see this message and you are not debugging the   **
[    0.993627] ** kernel, report this immediately to your vendor!         **
[    0.993628] **                                                         **
[    0.993628] **     NOTICE NOTICE NOTICE NOTICE NOTICE NOTICE NOTICE    **
[    0.993629] *************************************************************
[    0.994592] NET: Registered PF_NETLINK/PF_ROUTE protocol family
[    0.994742] DMA: preallocated 2048 KiB GFP_KERNEL pool for atomic allocations
[    0.994752] DMA: preallocated 2048 KiB GFP_KERNEL|GFP_DMA pool for atomic allocations
[    0.994761] DMA: preallocated 2048 KiB GFP_KERNEL|GFP_DMA32 pool for atomic allocations
[    0.994775] audit: initializing netlink subsys (disabled)
[    0.994779] audit: type=2000 audit(1720358342.913:1): state=initialized audit_enabled=0 res=1
[    0.994822] thermal_sys: Registered thermal governor 'fair_share'
[    0.994824] thermal_sys: Registered thermal governor 'step_wise'
[    0.994825] thermal_sys: Registered thermal governor 'user_space'
[    0.994848] cpuidle: using governor menu
[    0.994848] ACPI FADT declares the system doesn't support PCIe ASPM, so disable it
[    0.994848] acpiphp: ACPI Hot Plug PCI Controller Driver version: 0.5
[    0.995747] PCI: MMCONFIG for domain 0000 [bus 00-ff] at [mem 0x80000000-0x8fffffff] (base 0x80000000)
[    0.995754] PCI: not using MMCONFIG
[    0.995755] PCI: Using configuration type 1 for base access
[    0.997091] ENERGY_PERF_BIAS: Set to 'normal', was 'performance'
[    0.998786] kprobes: kprobe jump-optimization is enabled. All kprobes are optimized if possible.
[    1.000736] HugeTLB: registered 1.00 GiB page size, pre-allocated 0 pages
[    1.000736] HugeTLB: 16380 KiB vmemmap can be freed for a 1.00 GiB page
[    1.000736] HugeTLB: registered 2.00 MiB page size, pre-allocated 0 pages
[    1.000736] HugeTLB: 28 KiB vmemmap can be freed for a 2.00 MiB page
[    1.000762] cryptd: max_cpu_qlen set to 1000
[    1.001708] PRM: found 2 modules
[    1.001755] ACPI: Added _OSI(Module Device)
[    1.001756] ACPI: Added _OSI(Processor Device)
[    1.001757] ACPI: Added _OSI(3.0 _SCP Extensions)
[    1.001758] ACPI: Added _OSI(Processor Aggregator Device)
[    1.197718] ACPI: 11 ACPI AML tables successfully acquired and loaded
[    1.214685] ACPI: Dynamic OEM Table Load:
[    1.327363] ACPI: Dynamic OEM Table Load:
[    1.579344] ACPI: Interpreter enabled
[    1.579382] ACPI: PM: (supports S0 S5)
[    1.579383] ACPI: Using IOAPIC for interrupt routing
[    1.579438] PCI: MMCONFIG for domain 0000 [bus 00-ff] at [mem 0x80000000-0x8fffffff] (base 0x80000000)
[    1.605685] [Firmware Info]: PCI: MMCONFIG at [mem 0x80000000-0x8fffffff] not reserved in ACPI motherboard resources
[    1.605685] PCI: MMCONFIG at [mem 0x80000000-0x8fffffff] reserved as EfiMemoryMappedIO
[    1.606702] HEST: Table parsing has been initialized.
[    1.606801] GHES: APEI firmware first mode is enabled by APEI bit and WHEA _OSC.
[    1.606805] PCI: Using host bridge windows from ACPI; if necessary, use "pci=nocrs" and report a bug
[    1.606806] PCI: Ignoring E820 reservations for host bridge windows
[    1.624157] ACPI: Enabled 2 GPEs in block 00 to 7F
[    1.736718] ACPI: PCI Root Bridge [PC00] (domain 0000 [bus 00-14])
[    1.736724] acpi PNP0A08:00: _OSC: OS supports [ExtendedConfig ASPM ClockPM Segments MSI EDR HPX-Type3]
[    1.737284] acpi PNP0A08:00: _OSC: platform does not support [SHPCHotplug AER LTR DPC]
[    1.737502] acpi PNP0A08:00: _OSC: OS now controls [PCIeHotplug PME PCIeCapability]
[    1.737504] acpi PNP0A08:00: FADT indicates ASPM is unsupported, using BIOS configuration
[    1.738113] PCI host bridge to bus 0000:00
[    1.738114] pci_bus 0000:00: root bus resource [io  0x0000-0x0cf7 window]
[    1.738117] pci_bus 0000:00: root bus resource [io  0x1000-0x3fff window]
[    1.738118] pci_bus 0000:00: root bus resource [mem 0x000a0000-0x000bffff window]
[    1.738119] pci_bus 0000:00: root bus resource [mem 0x000c8000-0x000cffff window]
[    1.738121] pci_bus 0000:00: root bus resource [mem 0xfe010000-0xfe010fff window]
[    1.738122] pci_bus 0000:00: root bus resource [mem 0x90040000-0x957fffff window]
[    1.738123] pci_bus 0000:00: root bus resource [mem 0x200000000000-0x203fffffffff window]
[    1.738125] pci_bus 0000:00: root bus resource [bus 00-14]
[    1.738144] pci 0000:00:00.0: [8086:09a2] type 00 class 0x088000
[    1.738241] pci 0000:00:00.1: [8086:09a4] type 00 class 0x088000
[    1.738321] pci 0000:00:00.2: [8086:09a3] type 00 class 0x088000
[    1.738403] pci 0000:00:00.4: [8086:0b23] type 00 class 0x080700
[    1.738611] pci 0000:00:14.0: [8086:1bcd] type 00 class 0x0c0330
[    1.738632] pci 0000:00:14.0: reg 0x10: [mem 0x203ffff20000-0x203ffff2ffff 64bit]
[    1.738714] pci 0000:00:14.0: PME# supported from D3hot D3cold
[    1.738949] pci 0000:00:14.2: [8086:1bce] type 00 class 0x050000
[    1.738973] pci 0000:00:14.2: reg 0x10: [mem 0x203ffff34000-0x203ffff37fff 64bit]
[    1.738987] pci 0000:00:14.2: reg 0x18: [mem 0x203ffff3c000-0x203ffff3cfff 64bit]
[    1.739102] pci 0000:00:14.4: [8086:1bfe] type 00 class 0x060000
[    1.739296] pci 0000:00:15.0: [8086:1bff] type 00 class 0x088000
[    1.739319] pci 0000:00:15.0: reg 0x10: [mem 0x203ffff3b000-0x203ffff3b3ff 64bit]
[    1.739534] pci 0000:00:16.0: [8086:1be0] type 00 class 0x078000
[    1.739560] pci 0000:00:16.0: reg 0x10: [mem 0x203ffff3a000-0x203ffff3afff 64bit]
[    1.739660] pci 0000:00:16.0: PME# supported from D3hot
[    1.739763] pci 0000:00:16.1: [8086:1be1] type 00 class 0x078000
[    1.739789] pci 0000:00:16.1: reg 0x10: [mem 0x203ffff39000-0x203ffff39fff 64bit]
[    1.739889] pci 0000:00:16.1: PME# supported from D3hot
[    1.739995] pci 0000:00:16.4: [8086:1be4] type 00 class 0x078000
[    1.740018] pci 0000:00:16.4: reg 0x10: [mem 0x203ffff38000-0x203ffff38fff 64bit]
[    1.740104] pci 0000:00:16.4: PME# supported from D3hot
[    1.740205] pci 0000:00:18.0: [8086:1bf2] type 00 class 0x010601
[    1.740221] pci 0000:00:18.0: reg 0x10: [mem 0x95102000-0x95103fff]
[    1.740230] pci 0000:00:18.0: reg 0x14: [mem 0x95107000-0x951070ff]
[    1.740240] pci 0000:00:18.0: reg 0x18: [io  0x3070-0x3077]
[    1.740249] pci 0000:00:18.0: reg 0x1c: [io  0x3060-0x3063]
[    1.740257] pci 0000:00:18.0: reg 0x20: [io  0x3020-0x303f]
[    1.740266] pci 0000:00:18.0: reg 0x24: [mem 0x95106000-0x951067ff]
[    1.740312] pci 0000:00:18.0: PME# supported from D3hot
[    1.740692] pci 0000:00:19.0: [8086:1bd2] type 00 class 0x010601
[    1.740707] pci 0000:00:19.0: reg 0x10: [mem 0x95100000-0x95101fff]
[    1.740717] pci 0000:00:19.0: reg 0x14: [mem 0x95105000-0x951050ff]
[    1.740725] pci 0000:00:19.0: reg 0x18: [io  0x3050-0x3057]
[    1.740734] pci 0000:00:19.0: reg 0x1c: [io  0x3040-0x3043]
[    1.740743] pci 0000:00:19.0: reg 0x20: [io  0x3000-0x301f]
[    1.740752] pci 0000:00:19.0: reg 0x24: [mem 0x95104000-0x951047ff]
[    1.740798] pci 0000:00:19.0: PME# supported from D3hot
[    1.741191] pci 0000:00:1b.0: [8086:1bb5] type 01 class 0x060400
[    1.741209] pci 0000:00:1b.0: reg 0x10: [mem 0x203ffff00000-0x203ffff1ffff 64bit]
[    1.741233] pci 0000:00:1b.0: enabling Extended Tags
[    1.741281] pci 0000:00:1b.0: PME# supported from D0 D3hot D3cold
[    1.741861] pci 0000:00:1f.0: [8086:1b81] type 00 class 0x060100
[    1.742090] pci 0000:00:1f.3: [8086:1bc8] type 00 class 0x040300
[    1.742116] pci 0000:00:1f.3: reg 0x10: [mem 0x203ffff30000-0x203ffff33fff 64bit]
[    1.742212] pci 0000:00:1f.3: PME# supported from D3hot D3cold
[    1.742304] pci 0000:00:1f.4: [8086:1bc9] type 00 class 0x0c0500
[    1.742332] pci 0000:00:1f.4: reg 0x10: [mem 0x00000000-0x000000ff 64bit]
[    1.742366] pci 0000:00:1f.4: reg 0x20: [io  0x0780-0x079f]
[    1.742508] pci 0000:00:1f.5: [8086:1bca] type 00 class 0x0c8000
[    1.742528] pci 0000:00:1f.5: reg 0x10: [mem 0xfe010000-0xfe010fff]
[    1.742540] pci 0000:00:1f.5: reg 0x14: [mem 0x00000000-0x01ffffff]
[    1.742725] pci 0000:01:00.0: [1a03:1150] type 01 class 0x060400
[    1.742788] pci 0000:01:00.0: enabling Extended Tags
[    1.742867] pci 0000:01:00.0: supports D1 D2
[    1.742868] pci 0000:01:00.0: PME# supported from D0 D1 D2 D3hot D3cold
[    1.743035] pci 0000:00:1b.0: PCI bridge to [bus 01-02]
[    1.743039] pci 0000:00:1b.0:   bridge window [io  0x2000-0x2fff]
[    1.743042] pci 0000:00:1b.0:   bridge window [mem 0x94000000-0x950fffff]
[    1.743088] pci_bus 0000:02: extended config space not accessible
[    1.743121] pci 0000:02:00.0: [1a03:2000] type 00 class 0x030000
[    1.743141] pci 0000:02:00.0: reg 0x10: [mem 0x94000000-0x94ffffff]
[    1.743153] pci 0000:02:00.0: reg 0x14: [mem 0x95000000-0x9503ffff]
[    1.743164] pci 0000:02:00.0: reg 0x18: [io  0x2000-0x207f]
[    1.743228] pci 0000:02:00.0: BAR 0: assigned to efifb
[    1.743268] pci 0000:02:00.0: supports D1 D2
[    1.743269] pci 0000:02:00.0: PME# supported from D0 D1 D2 D3hot D3cold
[    1.743367] pci 0000:01:00.0: PCI bridge to [bus 02]
[    1.743373] pci 0000:01:00.0:   bridge window [io  0x2000-0x2fff]
[    1.743377] pci 0000:01:00.0:   bridge window [mem 0x94000000-0x950fffff]
[    1.743400] pci_bus 0000:00: on NUMA node 0
[    1.744354] ACPI: PCI Root Bridge [PC01] (domain 0000 [bus 15-3e])
[    1.744357] acpi PNP0A08:01: _OSC: OS supports [ExtendedConfig ASPM ClockPM Segments MSI EDR HPX-Type3]
[    1.745282] acpi PNP0A08:01: _OSC: platform does not support [SHPCHotplug AER DPC]
[    1.745577] acpi PNP0A08:01: _OSC: OS now controls [PCIeHotplug PME PCIeCapability LTR]
[    1.745578] acpi PNP0A08:01: FADT indicates ASPM is unsupported, using BIOS configuration
[    1.745733] PCI host bridge to bus 0000:15
[    1.745734] pci_bus 0000:15: root bus resource [io  0x4000-0x6fff window]
[    1.745736] pci_bus 0000:15: root bus resource [mem 0x95800000-0xa97fffff window]
[    1.745737] pci_bus 0000:15: root bus resource [mem 0x204000000000-0x207fffffffff window]
[    1.745738] pci_bus 0000:15: root bus resource [bus 15-3e]
[    1.745750] pci 0000:15:00.0: [8086:09a2] type 00 class 0x088000
[    1.745830] pci 0000:15:00.1: [8086:09a4] type 00 class 0x088000
[    1.745906] pci 0000:15:00.2: [8086:09a3] type 00 class 0x088000
[    1.745987] pci 0000:15:00.4: [8086:0b23] type 00 class 0x080700
[    1.746120] pci_bus 0000:15: on NUMA node 0
[    1.746239] ACPI: PCI Root Bridge [PC02] (domain 0000 [bus 3f])
[    1.746242] acpi PNP0A08:02: _OSC: OS supports [ExtendedConfig ASPM ClockPM Segments MSI EDR HPX-Type3]
[    1.747146] acpi PNP0A08:02: _OSC: platform does not support [SHPCHotplug AER DPC]
[    1.747438] acpi PNP0A08:02: _OSC: OS now controls [PCIeHotplug PME PCIeCapability LTR]
[    1.747439] acpi PNP0A08:02: FADT indicates ASPM is unsupported, using BIOS configuration
[    1.747591] PCI host bridge to bus 0000:3f
[    1.747592] pci_bus 0000:3f: root bus resource [io  0x7000-0x9fff window]
[    1.747594] pci_bus 0000:3f: root bus resource [mem 0xbd700000-0xbd7fffff window]
[    1.747595] pci_bus 0000:3f: root bus resource [mem 0x20bf00000000-0x20bfffffffff window]
[    1.747596] pci_bus 0000:3f: root bus resource [bus 3f]
[    1.747607] pci 0000:3f:00.0: [8086:09a2] type 00 class 0x088000
[    1.747684] pci 0000:3f:00.1: [8086:09a4] type 00 class 0x088000
[    1.747757] pci 0000:3f:00.2: [8086:09a3] type 00 class 0x088000
[    1.747833] pci 0000:3f:00.4: [8086:0b23] type 00 class 0x080700
[    1.747969] pci_bus 0000:3f: on NUMA node 0
[    1.748078] ACPI: PCI Root Bridge [CX02] (domain 0000 [bus 40-68])
[    1.748081] acpi ACPI0016:01: _OSC: OS supports [ExtendedConfig ASPM ClockPM Segments MSI EDR HPX-Type3]
[    1.748083] acpi ACPI0016:01: _OSC: OS supports [CXL11PortRegAccess CXL20PortDevRegAccess CXLProtocolErrorReporting CXLNativeHot]
[    1.748546] acpi ACPI0016:01: _OSC: platform does not support [SHPCHotplug AER DPC]
[    1.748709] acpi ACPI0016:01: _OSC: OS now controls [PCIeHotplug PME PCIeCapability LTR]
[    1.748710] acpi ACPI0016:01: _OSC: OS now controls [CXLMemErrorReporting]
[    1.748711] acpi ACPI0016:01: FADT indicates ASPM is unsupported, using BIOS configuration
[    1.748763] PCI host bridge to bus 0000:40
[    1.748763] pci_bus 0000:40: root bus resource [mem 0xa9a00000-0xbd6fffff window]
[    1.748765] pci_bus 0000:40: root bus resource [mem 0x208000000000-0x20beffffffff window]
[    1.748766] pci_bus 0000:40: root bus resource [bus 40-68]
[    1.748812] pci 0000:40:00.0: [8086:0ddb] type 00 class 0x050210
[    1.748828] pci 0000:40:00.0: reg 0x10: [mem 0xbd400000-0xbd5fffff]
[    1.748849] pci 0000:40:00.0: reg 0x18: [mem 0x20beffe00000-0x20beffe0ffff 64bit pref]
[    1.749371] pci 0000:40:00.1: [8086:0ddb] type 00 class 0x050210
[    1.749391] pci 0000:40:00.1: reg 0x10: [mem 0x20beffc00000-0x20beffdfffff 64bit pref]
[    1.749405] pci 0000:40:00.1: reg 0x18: [mem 0x20beffa00000-0x20beffbfffff 64bit pref]
[    1.749637] pci_bus 0000:40: on NUMA node 0
[    1.749684] ACPI: PCI Root Bridge [PC03] (domain 0000 [bus 69-92])
[    1.749687] acpi PNP0A08:03: _OSC: OS supports [ExtendedConfig ASPM ClockPM Segments MSI EDR HPX-Type3]
[    1.750618] acpi PNP0A08:03: _OSC: platform does not support [SHPCHotplug AER DPC]
[    1.750909] acpi PNP0A08:03: _OSC: OS now controls [PCIeHotplug PME PCIeCapability LTR]
[    1.750911] acpi PNP0A08:03: FADT indicates ASPM is unsupported, using BIOS configuration
[    1.751072] PCI host bridge to bus 0000:69
[    1.751073] pci_bus 0000:69: root bus resource [io  0xa000-0xbfff window]
[    1.751074] pci_bus 0000:69: root bus resource [mem 0xbd800000-0xd17fffff window]
[    1.751075] pci_bus 0000:69: root bus resource [mem 0x20c000000000-0x20ffffffffff window]
[    1.751076] pci_bus 0000:69: root bus resource [bus 69-92]
[    1.751087] pci 0000:69:00.0: [8086:09a2] type 00 class 0x088000
[    1.751161] pci 0000:69:00.1: [8086:09a4] type 00 class 0x088000
[    1.751235] pci 0000:69:00.2: [8086:09a3] type 00 class 0x088000
[    1.751310] pci 0000:69:00.4: [8086:0b23] type 00 class 0x080700
[    1.751440] pci_bus 0000:69: on NUMA node 0
[    1.751557] ACPI: PCI Root Bridge [PC04] (domain 0000 [bus 93-bc])
[    1.751559] acpi PNP0A08:04: _OSC: OS supports [ExtendedConfig ASPM ClockPM Segments MSI EDR HPX-Type3]
[    1.752500] acpi PNP0A08:04: _OSC: platform does not support [SHPCHotplug AER DPC]
[    1.752794] acpi PNP0A08:04: _OSC: OS now controls [PCIeHotplug PME PCIeCapability LTR]
[    1.752795] acpi PNP0A08:04: FADT indicates ASPM is unsupported, using BIOS configuration
[    1.752953] PCI host bridge to bus 0000:93
[    1.752954] pci_bus 0000:93: root bus resource [io  0xc000-0xdfff window]
[    1.752958] pci_bus 0000:93: root bus resource [mem 0xd1800000-0xe57fffff window]
[    1.752959] pci_bus 0000:93: root bus resource [mem 0x210000000000-0x213fffffffff window]
[    1.752960] pci_bus 0000:93: root bus resource [bus 93-bc]
[    1.752970] pci 0000:93:00.0: [8086:09a2] type 00 class 0x088000
[    1.753045] pci 0000:93:00.1: [8086:09a4] type 00 class 0x088000
[    1.753119] pci 0000:93:00.2: [8086:09a3] type 00 class 0x088000
[    1.753194] pci 0000:93:00.4: [8086:0b23] type 00 class 0x080700
[    1.753322] pci 0000:93:07.0: [8086:352d] type 01 class 0x060400
[    1.753334] pci 0000:93:07.0: reg 0x10: [mem 0x213ffff00000-0x213ffff1ffff 64bit]
[    1.753350] pci 0000:93:07.0: enabling Extended Tags
[    1.753394] pci 0000:93:07.0: PME# supported from D0 D3hot D3cold
[    1.753420] pci 0000:93:07.0: PTM enabled (root), 2ns granularity
[    1.753819] pci 0000:94:00.0: [8086:1563] type 00 class 0x020000
[    1.753837] pci 0000:94:00.0: reg 0x10: [mem 0x213fff800000-0x213fffbfffff 64bit pref]
[    1.753863] pci 0000:94:00.0: reg 0x20: [mem 0x213fffc04000-0x213fffc07fff 64bit pref]
[    1.753871] pci 0000:94:00.0: reg 0x30: [mem 0xe5280000-0xe52fffff pref]
[    1.753947] pci 0000:94:00.0: PME# supported from D0 D3hot D3cold
[    1.753978] pci 0000:94:00.0: reg 0x184: [mem 0xe5600000-0xe5603fff 64bit]
[    1.753980] pci 0000:94:00.0: VF(n) BAR0 space: [mem 0xe5600000-0xe56fffff 64bit] (contains BAR0 for 64 VFs)
[    1.753996] pci 0000:94:00.0: reg 0x190: [mem 0xe5500000-0xe5503fff 64bit]
[    1.753997] pci 0000:94:00.0: VF(n) BAR3 space: [mem 0xe5500000-0xe55fffff 64bit] (contains BAR3 for 64 VFs)
[    1.754272] pci 0000:94:00.1: [8086:1563] type 00 class 0x020000
[    1.754290] pci 0000:94:00.1: reg 0x10: [mem 0x213fff400000-0x213fff7fffff 64bit pref]
[    1.754316] pci 0000:94:00.1: reg 0x20: [mem 0x213fffc00000-0x213fffc03fff 64bit pref]
[    1.754324] pci 0000:94:00.1: reg 0x30: [mem 0xe5200000-0xe527ffff pref]
[    1.754393] pci 0000:94:00.1: PME# supported from D0 D3hot D3cold
[    1.754417] pci 0000:94:00.1: reg 0x184: [mem 0xe5400000-0xe5403fff 64bit]
[    1.754418] pci 0000:94:00.1: VF(n) BAR0 space: [mem 0xe5400000-0xe54fffff 64bit] (contains BAR0 for 64 VFs)
[    1.754433] pci 0000:94:00.1: reg 0x190: [mem 0xe5300000-0xe5303fff 64bit]
[    1.754435] pci 0000:94:00.1: VF(n) BAR3 space: [mem 0xe5300000-0xe53fffff 64bit] (contains BAR3 for 64 VFs)
[    1.754672] pci 0000:93:07.0: PCI bridge to [bus 94]
[    1.754676] pci 0000:93:07.0:   bridge window [mem 0xe5200000-0xe56fffff]
[    1.754680] pci 0000:93:07.0:   bridge window [mem 0x213fff400000-0x213fffcfffff 64bit pref]
[    1.754687] pci_bus 0000:93: on NUMA node 0
[    1.754811] ACPI: PCI Root Bridge [PC05] (domain 0000 [bus bd-e6])
[    1.754813] acpi PNP0A08:05: _OSC: OS supports [ExtendedConfig ASPM ClockPM Segments MSI EDR HPX-Type3]
[    1.755829] acpi PNP0A08:05: _OSC: platform does not support [SHPCHotplug AER DPC]
[    1.756130] acpi PNP0A08:05: _OSC: OS now controls [PCIeHotplug PME PCIeCapability LTR]
[    1.756131] acpi PNP0A08:05: FADT indicates ASPM is unsupported, using BIOS configuration
[    1.756286] PCI host bridge to bus 0000:bd
[    1.756287] pci_bus 0000:bd: root bus resource [io  0xe000-0xffff window]
[    1.756288] pci_bus 0000:bd: root bus resource [mem 0xe5800000-0xf97fffff window]
[    1.756290] pci_bus 0000:bd: root bus resource [mem 0x214000000000-0x217fffffffff window]
[    1.756291] pci_bus 0000:bd: root bus resource [bus bd-e6]
[    1.756302] pci 0000:bd:00.0: [8086:09a2] type 00 class 0x088000
[    1.756378] pci 0000:bd:00.1: [8086:09a4] type 00 class 0x088000
[    1.756454] pci 0000:bd:00.2: [8086:09a3] type 00 class 0x088000
[    1.756532] pci 0000:bd:00.4: [8086:0b23] type 00 class 0x080700
[    1.756659] pci 0000:bd:01.0: [8086:352a] type 01 class 0x060400
[    1.756672] pci 0000:bd:01.0: reg 0x10: [mem 0x217ffff60000-0x217ffff7ffff 64bit]
[    1.756688] pci 0000:bd:01.0: enabling Extended Tags
[    1.756733] pci 0000:bd:01.0: PME# supported from D0 D3hot D3cold
[    1.756758] pci 0000:bd:01.0: PTM enabled (root), 2ns granularity
[    1.757002] pci 0000:bd:03.0: [8086:352b] type 01 class 0x060400
[    1.757014] pci 0000:bd:03.0: reg 0x10: [mem 0x217ffff40000-0x217ffff5ffff 64bit]
[    1.757030] pci 0000:bd:03.0: enabling Extended Tags
[    1.757074] pci 0000:bd:03.0: PME# supported from D0 D3hot D3cold
[    1.757099] pci 0000:bd:03.0: PTM enabled (root), 2ns granularity
[    1.757331] pci 0000:bd:05.0: [8086:352c] type 01 class 0x060400
[    1.757343] pci 0000:bd:05.0: reg 0x10: [mem 0x217ffff20000-0x217ffff3ffff 64bit]
[    1.757359] pci 0000:bd:05.0: enabling Extended Tags
[    1.757403] pci 0000:bd:05.0: PME# supported from D0 D3hot D3cold
[    1.757428] pci 0000:bd:05.0: PTM enabled (root), 2ns granularity
[    1.757658] pci 0000:bd:07.0: [8086:352d] type 01 class 0x060400
[    1.757670] pci 0000:bd:07.0: reg 0x10: [mem 0x217ffff00000-0x217ffff1ffff 64bit]
[    1.757686] pci 0000:bd:07.0: enabling Extended Tags
[    1.757730] pci 0000:bd:07.0: PME# supported from D0 D3hot D3cold
[    1.757755] pci 0000:bd:07.0: PTM enabled (root), 2ns granularity
[    1.758107] pci 0000:be:00.0: [144d:a808] type 00 class 0x010802
[    1.758125] pci 0000:be:00.0: reg 0x10: [mem 0xf9610000-0xf9613fff 64bit]
[    1.758159] pci 0000:be:00.0: reg 0x30: [mem 0xf9600000-0xf960ffff pref]
[    1.758331] pci 0000:bd:01.0: PCI bridge to [bus be]
[    1.758335] pci 0000:bd:01.0:   bridge window [mem 0xf9600000-0xf96fffff]
[    1.758441] pci 0000:bd:03.0: PCI bridge to [bus bf]
[    1.758444] pci 0000:bd:03.0:   bridge window [mem 0xf9500000-0xf95fffff]
[    1.758550] pci 0000:bd:05.0: PCI bridge to [bus c0]
[    1.758554] pci 0000:bd:05.0:   bridge window [mem 0xf9400000-0xf94fffff]
[    1.758659] pci 0000:bd:07.0: PCI bridge to [bus c1]
[    1.758662] pci 0000:bd:07.0:   bridge window [mem 0xf9300000-0xf93fffff]
[    1.758685] pci_bus 0000:bd: on NUMA node 0
[    1.758849] ACPI: PCI Root Bridge [DI08] (domain 0000 [bus e7-eb])
[    1.758851] acpi PNP0A08:07: _OSC: OS supports [ExtendedConfig ASPM ClockPM Segments MSI EDR HPX-Type3]
[    1.759297] acpi PNP0A08:07: _OSC: platform does not support [SHPCHotplug AER DPC]
[    1.759379] acpi PNP0A08:07: _OSC: OS now controls [PCIeHotplug PME PCIeCapability LTR]
[    1.759380] acpi PNP0A08:07: FADT indicates ASPM is unsupported, using BIOS configuration
[    1.759452] PCI host bridge to bus 0000:e7
[    1.759453] pci_bus 0000:e7: root bus resource [mem 0xf9800000-0xf9ffffff window]
[    1.759455] pci_bus 0000:e7: root bus resource [mem 0x218000000000-0x21bfffffffff window]
[    1.759456] pci_bus 0000:e7: root bus resource [bus e7-eb]
[    1.759466] pci 0000:e7:00.0: [8086:09a2] type 00 class 0x088000
[    1.759543] pci 0000:e7:00.1: [8086:09a4] type 00 class 0x088000
[    1.759618] pci 0000:e7:00.2: [8086:09a3] type 00 class 0x088000
[    1.759695] pci 0000:e7:00.4: [8086:0b23] type 00 class 0x080700
[    1.759805] pci 0000:e7:01.0: [8086:0b25] type 00 class 0x088000
[    1.759814] pci 0000:e7:01.0: reg 0x10: [mem 0x21bffff20000-0x21bffff2ffff 64bit pref]
[    1.759821] pci 0000:e7:01.0: reg 0x18: [mem 0x21bffff00000-0x21bffff1ffff 64bit pref]
[    1.759934] pci 0000:e7:03.0: [8086:09a6] type 00 class 0x088000
[    1.759942] pci 0000:e7:03.0: reg 0x10: [mem 0xf9e00000-0xf9efffff]
[    1.760030] pci 0000:e7:03.1: [8086:09a7] type 00 class 0x088000
[    1.760040] pci 0000:e7:03.1: reg 0x10: [mem 0xf9f40000-0xf9f41fff]
[    1.760046] pci 0000:e7:03.1: reg 0x14: [mem 0xf9f00000-0xf9f3ffff]
[    1.760171] pci_bus 0000:e7: on NUMA node 0
[    1.760420] ACPI: PCI Root Bridge [DI09] (domain 0000 [bus ec-f0])
[    1.760422] acpi PNP0A08:0e: _OSC: OS supports [ExtendedConfig ASPM ClockPM Segments MSI EDR HPX-Type3]
[    1.760857] acpi PNP0A08:0e: _OSC: platform does not support [SHPCHotplug AER DPC]
[    1.760937] acpi PNP0A08:0e: _OSC: OS now controls [PCIeHotplug PME PCIeCapability LTR]
[    1.760938] acpi PNP0A08:0e: FADT indicates ASPM is unsupported, using BIOS configuration
[    1.761009] PCI host bridge to bus 0000:ec
[    1.761010] pci_bus 0000:ec: root bus resource [mem 0xfa000000-0xfa7fffff window]
[    1.761012] pci_bus 0000:ec: root bus resource [mem 0x21c000000000-0x21ffffffffff window]
[    1.761013] pci_bus 0000:ec: root bus resource [bus ec-f0]
[    1.761023] pci 0000:ec:00.0: [8086:09a2] type 00 class 0x088000
[    1.761099] pci 0000:ec:00.1: [8086:09a4] type 00 class 0x088000
[    1.761175] pci 0000:ec:00.2: [8086:09a3] type 00 class 0x088000
[    1.761251] pci 0000:ec:00.4: [8086:0b23] type 00 class 0x080700
[    1.761371] pci_bus 0000:ec: on NUMA node 0
[    1.761614] ACPI: PCI Root Bridge [DI0A] (domain 0000 [bus f1-f5])
[    1.761616] acpi PNP0A08:15: _OSC: OS supports [ExtendedConfig ASPM ClockPM Segments MSI EDR HPX-Type3]
[    1.762052] acpi PNP0A08:15: _OSC: platform does not support [SHPCHotplug AER DPC]
[    1.762131] acpi PNP0A08:15: _OSC: OS now controls [PCIeHotplug PME PCIeCapability LTR]
[    1.762132] acpi PNP0A08:15: FADT indicates ASPM is unsupported, using BIOS configuration
[    1.762198] PCI host bridge to bus 0000:f1
[    1.762199] pci_bus 0000:f1: root bus resource [mem 0xfa800000-0xfaffffff window]
[    1.762200] pci_bus 0000:f1: root bus resource [mem 0x220000000000-0x223fffffffff window]
[    1.762201] pci_bus 0000:f1: root bus resource [bus f1-f5]
[    1.762211] pci 0000:f1:00.0: [8086:09a2] type 00 class 0x088000
[    1.762284] pci 0000:f1:00.1: [8086:09a4] type 00 class 0x088000
[    1.762360] pci 0000:f1:00.2: [8086:09a3] type 00 class 0x088000
[    1.762434] pci 0000:f1:00.4: [8086:0b23] type 00 class 0x080700
[    1.762549] pci_bus 0000:f1: on NUMA node 0
[    1.762792] ACPI: PCI Root Bridge [DI0B] (domain 0000 [bus f6-fa])
[    1.762794] acpi PNP0A08:1c: _OSC: OS supports [ExtendedConfig ASPM ClockPM Segments MSI EDR HPX-Type3]
[    1.763222] acpi PNP0A08:1c: _OSC: platform does not support [SHPCHotplug AER DPC]
[    1.763302] acpi PNP0A08:1c: _OSC: OS now controls [PCIeHotplug PME PCIeCapability LTR]
[    1.763303] acpi PNP0A08:1c: FADT indicates ASPM is unsupported, using BIOS configuration
[    1.763371] PCI host bridge to bus 0000:f6
[    1.763372] pci_bus 0000:f6: root bus resource [mem 0xfb000000-0xfb7fffff window]
[    1.763373] pci_bus 0000:f6: root bus resource [mem 0x224000000000-0x227fffffffff window]
[    1.763374] pci_bus 0000:f6: root bus resource [bus f6-fa]
[    1.763384] pci 0000:f6:00.0: [8086:09a2] type 00 class 0x088000
[    1.763459] pci 0000:f6:00.1: [8086:09a4] type 00 class 0x088000
[    1.763534] pci 0000:f6:00.2: [8086:09a3] type 00 class 0x088000
[    1.763609] pci 0000:f6:00.4: [8086:0b23] type 00 class 0x080700
[    1.763727] pci_bus 0000:f6: on NUMA node 0
[    1.763958] ACPI: PCI Root Bridge [UB00] (domain 0000 [bus fe])
[    1.763963] acpi PNP0A08:23: _OSC: OS supports [ExtendedConfig ASPM ClockPM Segments MSI EDR HPX-Type3]
[    1.764037] acpi PNP0A08:23: _OSC: platform does not support [SHPCHotplug AER LTR DPC]
[    1.764173] acpi PNP0A08:23: _OSC: OS now controls [PCIeHotplug PME PCIeCapability]
[    1.764174] acpi PNP0A08:23: FADT indicates ASPM is unsupported, using BIOS configuration
[    1.764250] PCI host bridge to bus 0000:fe
[    1.764251] pci_bus 0000:fe: root bus resource [bus fe]
[    1.764260] pci 0000:fe:00.0: [8086:3250] type 00 class 0x088000
[    1.764342] pci 0000:fe:00.1: [8086:3251] type 00 class 0x088000
[    1.764407] pci 0000:fe:00.2: [8086:3252] type 00 class 0x088000
[    1.764473] pci 0000:fe:00.3: [8086:0998] type 00 class 0x060000
[    1.764555] pci 0000:fe:00.5: [8086:3255] type 00 class 0x088000
[    1.764626] pci 0000:fe:01.0: [8086:3240] type 00 class 0x088000
[    1.764739] pci 0000:fe:01.1: [8086:3241] type 00 class 0x088000
[    1.764841] pci 0000:fe:01.2: [8086:3242] type 00 class 0x088000
[    1.764957] pci 0000:fe:02.0: [8086:3240] type 00 class 0x088000
[    1.765119] pci 0000:fe:02.1: [8086:3241] type 00 class 0x088000
[    1.765270] pci 0000:fe:02.2: [8086:3242] type 00 class 0x088000
[    1.765424] pci 0000:fe:03.0: [8086:3240] type 00 class 0x088000
[    1.765582] pci 0000:fe:03.1: [8086:3241] type 00 class 0x088000
[    1.765727] pci 0000:fe:03.2: [8086:3242] type 00 class 0x088000
[    1.765872] pci 0000:fe:05.0: [8086:3245] type 00 class 0x088000
[    1.765973] pci 0000:fe:05.1: [8086:3246] type 00 class 0x088000
[    1.766072] pci 0000:fe:05.2: [8086:3247] type 00 class 0x088000
[    1.766180] pci 0000:fe:06.0: [8086:3245] type 00 class 0x088000
[    1.766327] pci 0000:fe:06.1: [8086:3246] type 00 class 0x088000
[    1.766473] pci 0000:fe:06.2: [8086:3247] type 00 class 0x088000
[    1.766622] pci 0000:fe:07.0: [8086:3245] type 00 class 0x088000
[    1.766764] pci 0000:fe:07.1: [8086:3246] type 00 class 0x088000
[    1.766907] pci 0000:fe:07.2: [8086:3247] type 00 class 0x088000
[    1.767060] pci 0000:fe:08.0: [8086:3245] type 00 class 0x088000
[    1.767245] pci 0000:fe:08.1: [8086:3246] type 00 class 0x088000
[    1.767430] pci 0000:fe:08.2: [8086:3247] type 00 class 0x088000
[    1.767612] pci 0000:fe:0c.0: [8086:324a] type 00 class 0x110100
[    1.767717] pci 0000:fe:0d.0: [8086:324a] type 00 class 0x110100
[    1.767854] pci 0000:fe:0e.0: [8086:324a] type 00 class 0x110100
[    1.767991] pci 0000:fe:0f.0: [8086:324a] type 00 class 0x110100
[    1.768153] pci 0000:fe:1a.0: [8086:2880] type 00 class 0x110100
[    1.768258] pci 0000:fe:1b.0: [8086:2880] type 00 class 0x110100
[    1.768393] pci 0000:fe:1c.0: [8086:2880] type 00 class 0x110100
[    1.768529] pci 0000:fe:1d.0: [8086:2880] type 00 class 0x110100
[    1.768679] pci_bus 0000:fe: on NUMA node 0
[    1.768738] ACPI: PCI Root Bridge [UB01] (domain 0000 [bus ff])
[    1.768740] acpi PNP0A08:24: _OSC: OS supports [ExtendedConfig ASPM ClockPM Segments MSI EDR HPX-Type3]
[    1.768811] acpi PNP0A08:24: _OSC: platform does not support [SHPCHotplug AER LTR DPC]
[    1.768945] acpi PNP0A08:24: _OSC: OS now controls [PCIeHotplug PME PCIeCapability]
[    1.768946] acpi PNP0A08:24: FADT indicates ASPM is unsupported, using BIOS configuration
[    1.769027] PCI host bridge to bus 0000:ff
[    1.769029] pci_bus 0000:ff: root bus resource [bus ff]
[    1.769042] pci 0000:ff:00.0: [8086:324c] type 00 class 0x088000
[    1.769147] pci 0000:ff:00.1: [8086:324c] type 00 class 0x088000
[    1.769257] pci 0000:ff:00.2: [8086:324c] type 00 class 0x088000
[    1.769360] pci 0000:ff:00.3: [8086:324c] type 00 class 0x088000
[    1.769466] pci 0000:ff:00.4: [8086:324c] type 00 class 0x088000
[    1.769563] pci 0000:ff:00.5: [8086:324c] type 00 class 0x088000
[    1.769665] pci 0000:ff:00.6: [8086:324c] type 00 class 0x088000
[    1.769758] pci 0000:ff:00.7: [8086:324c] type 00 class 0x088000
[    1.769852] pci 0000:ff:01.0: [8086:324c] type 00 class 0x088000
[    1.769977] pci 0000:ff:01.1: [8086:324c] type 00 class 0x088000
[    1.770084] pci 0000:ff:01.2: [8086:324c] type 00 class 0x088000
[    1.770196] pci 0000:ff:01.3: [8086:324c] type 00 class 0x088000
[    1.770309] pci 0000:ff:01.4: [8086:324c] type 00 class 0x088000
[    1.770424] pci 0000:ff:01.5: [8086:324c] type 00 class 0x088000
[    1.770540] pci 0000:ff:01.6: [8086:324c] type 00 class 0x088000
[    1.770660] pci 0000:ff:01.7: [8086:324c] type 00 class 0x088000
[    1.770782] pci 0000:ff:02.0: [8086:324c] type 00 class 0x088000
[    1.770937] pci 0000:ff:02.1: [8086:324c] type 00 class 0x088000
[    1.771096] pci 0000:ff:02.2: [8086:324c] type 00 class 0x088000
[    1.771244] pci 0000:ff:02.3: [8086:324c] type 00 class 0x088000
[    1.771396] pci 0000:ff:02.4: [8086:324c] type 00 class 0x088000
[    1.771539] pci 0000:ff:02.5: [8086:324c] type 00 class 0x088000
[    1.771680] pci 0000:ff:02.6: [8086:324c] type 00 class 0x088000
[    1.771825] pci 0000:ff:02.7: [8086:324c] type 00 class 0x088000
[    1.771966] pci 0000:ff:03.0: [8086:324c] type 00 class 0x088000
[    1.772117] pci 0000:ff:03.1: [8086:324c] type 00 class 0x088000
[    1.772272] pci 0000:ff:03.2: [8086:324c] type 00 class 0x088000
[    1.772428] pci 0000:ff:03.3: [8086:324c] type 00 class 0x088000
[    1.772584] pci 0000:ff:03.4: [8086:324c] type 00 class 0x088000
[    1.772744] pci 0000:ff:03.5: [8086:324c] type 00 class 0x088000
[    1.772904] pci 0000:ff:03.6: [8086:324c] type 00 class 0x088000
[    1.773070] pci 0000:ff:03.7: [8086:324c] type 00 class 0x088000
[    1.773233] pci 0000:ff:0a.0: [8086:324d] type 00 class 0x088000
[    1.773350] pci 0000:ff:0a.1: [8086:324d] type 00 class 0x088000
[    1.773462] pci 0000:ff:0a.2: [8086:324d] type 00 class 0x088000
[    1.773563] pci 0000:ff:0a.3: [8086:324d] type 00 class 0x088000
[    1.773670] pci 0000:ff:0a.4: [8086:324d] type 00 class 0x088000
[    1.773766] pci 0000:ff:0a.5: [8086:324d] type 00 class 0x088000
[    1.773871] pci 0000:ff:0a.6: [8086:324d] type 00 class 0x088000
[    1.773965] pci 0000:ff:0a.7: [8086:324d] type 00 class 0x088000
[    1.774060] pci 0000:ff:0b.0: [8086:324d] type 00 class 0x088000
[    1.774181] pci 0000:ff:0b.1: [8086:324d] type 00 class 0x088000
[    1.774289] pci 0000:ff:0b.2: [8086:324d] type 00 class 0x088000
[    1.774401] pci 0000:ff:0b.3: [8086:324d] type 00 class 0x088000
[    1.774512] pci 0000:ff:0b.4: [8086:324d] type 00 class 0x088000
[    1.774629] pci 0000:ff:0b.5: [8086:324d] type 00 class 0x088000
[    1.774744] pci 0000:ff:0b.6: [8086:324d] type 00 class 0x088000
[    1.774863] pci 0000:ff:0b.7: [8086:324d] type 00 class 0x088000
[    1.774990] pci 0000:ff:0c.0: [8086:324d] type 00 class 0x088000
[    1.775147] pci 0000:ff:0c.1: [8086:324d] type 00 class 0x088000
[    1.775302] pci 0000:ff:0c.2: [8086:324d] type 00 class 0x088000
[    1.775450] pci 0000:ff:0c.3: [8086:324d] type 00 class 0x088000
[    1.775602] pci 0000:ff:0c.4: [8086:324d] type 00 class 0x088000
[    1.775745] pci 0000:ff:0c.5: [8086:324d] type 00 class 0x088000
[    1.775886] pci 0000:ff:0c.6: [8086:324d] type 00 class 0x088000
[    1.776031] pci 0000:ff:0c.7: [8086:324d] type 00 class 0x088000
[    1.776169] pci 0000:ff:0d.0: [8086:324d] type 00 class 0x088000
[    1.776321] pci 0000:ff:0d.1: [8086:324d] type 00 class 0x088000
[    1.776477] pci 0000:ff:0d.2: [8086:324d] type 00 class 0x088000
[    1.776632] pci 0000:ff:0d.3: [8086:324d] type 00 class 0x088000
[    1.776788] pci 0000:ff:0d.4: [8086:324d] type 00 class 0x088000
[    1.776948] pci 0000:ff:0d.5: [8086:324d] type 00 class 0x088000
[    1.777109] pci 0000:ff:0d.6: [8086:324d] type 00 class 0x088000
[    1.777273] pci 0000:ff:0d.7: [8086:324d] type 00 class 0x088000
[    1.777448] pci 0000:ff:1d.0: [8086:344f] type 00 class 0x088000
[    1.777576] pci 0000:ff:1d.1: [8086:3457] type 00 class 0x088000
[    1.777712] pci 0000:ff:1e.0: [8086:3258] type 00 class 0x088000
[    1.777779] pci 0000:ff:1e.1: [8086:3259] type 00 class 0x088000
[    1.777832] pci 0000:ff:1e.2: [8086:325a] type 00 class 0x088000
[    1.777884] pci 0000:ff:1e.3: [8086:325b] type 00 class 0x088000
[    1.777934] pci 0000:ff:1e.4: [8086:325c] type 00 class 0x088000
[    1.777987] pci 0000:ff:1e.5: [8086:325d] type 00 class 0x088000
[    1.778039] pci 0000:ff:1e.6: [8086:325e] type 00 class 0x088000
[    1.778089] pci 0000:ff:1e.7: [8086:325f] type 00 class 0x088000
[    1.778140] pci_bus 0000:ff: on NUMA node 0
[    1.781165] ACPI: PCI: Interrupt link LNKA configured for IRQ 15
[    1.781166] ACPI: PCI: Interrupt link LNKA disabled
[    1.781247] ACPI: PCI: Interrupt link LNKB configured for IRQ 15
[    1.781248] ACPI: PCI: Interrupt link LNKB disabled
[    1.781327] ACPI: PCI: Interrupt link LNKC configured for IRQ 15
[    1.781328] ACPI: PCI: Interrupt link LNKC disabled
[    1.781407] ACPI: PCI: Interrupt link LNKD configured for IRQ 15
[    1.781408] ACPI: PCI: Interrupt link LNKD disabled
[    1.781487] ACPI: PCI: Interrupt link LNKE configured for IRQ 15
[    1.781487] ACPI: PCI: Interrupt link LNKE disabled
[    1.781566] ACPI: PCI: Interrupt link LNKF configured for IRQ 15
[    1.781567] ACPI: PCI: Interrupt link LNKF disabled
[    1.781646] ACPI: PCI: Interrupt link LNKG configured for IRQ 15
[    1.781647] ACPI: PCI: Interrupt link LNKG disabled
[    1.781724] ACPI: PCI: Interrupt link LNKH configured for IRQ 15
[    1.781724] ACPI: PCI: Interrupt link LNKH disabled
[    1.782556] acpi/hmat: Memory Flags:0001 Processor Domain:0 Memory Domain:0
[    1.782558] acpi/hmat: Memory Flags:0000 Processor Domain:0 Memory Domain:1
[    1.782560] acpi/hmat: Locality: Flags:00 Type:Read Latency Initiator Domains:1 Target Domains:2 Base:100
[    1.782562] acpi/hmat:   Initiator-Target[0-0]:91 nsec
[    1.782563] acpi/hmat:   Initiator-Target[0-1]:100 nsec
[    1.782564] acpi/hmat: Locality: Flags:00 Type:Write Latency Initiator Domains:1 Target Domains:2 Base:100
[    1.782565] acpi/hmat:   Initiator-Target[0-0]:91 nsec
[    1.782566] acpi/hmat:   Initiator-Target[0-1]:100 nsec
[    1.782567] acpi/hmat: Locality: Flags:00 Type:Read Bandwidth Initiator Domains:1 Target Domains:2 Base:100
[    1.782568] acpi/hmat:   Initiator-Target[0-0]:262100 MB/s
[    1.782569] acpi/hmat:   Initiator-Target[0-1]:30000 MB/s
[    1.782570] acpi/hmat: Locality: Flags:00 Type:Write Bandwidth Initiator Domains:1 Target Domains:2 Base:100
[    1.782571] acpi/hmat:   Initiator-Target[0-0]:176100 MB/s
[    1.782572] acpi/hmat:   Initiator-Target[0-1]:30000 MB/s
[    1.782707] iommu: Default domain type: Passthrough 
[    1.782830] SCSI subsystem initialized
[    1.782847] ACPI: bus type USB registered
[    1.782854] usbcore: registered new interface driver usbfs
[    1.782860] usbcore: registered new interface driver hub
[    1.782883] usbcore: registered new device driver usb
[    1.782902] pps_core: LinuxPPS API ver. 1 registered
[    1.782903] pps_core: Software ver. 5.3.6 - Copyright 2005-2007 Rodolfo Giometti <giometti@linux.it>
[    1.782905] PTP clock support registered
[    1.782948] EDAC MC: Ver: 3.0.0
[    1.783726] efivars: Registered efivars operations
[    1.784862] NetLabel: Initializing
[    1.784863] NetLabel:  domain hash size = 128
[    1.784864] NetLabel:  protocols = UNLABELED CIPSOv4 CALIPSO
[    1.784877] NetLabel:  unlabeled traffic allowed by default
[    1.784878] PCI: Using ACPI for IRQ routing
[    1.788081] PCI: pci_cache_line_size set to 64 bytes
[    1.788500] e820: reserve RAM buffer [mem 0x0003e000-0x0003ffff]
[    1.788502] e820: reserve RAM buffer [mem 0x5b8ce018-0x5bffffff]
[    1.788504] e820: reserve RAM buffer [mem 0x5b907018-0x5bffffff]
[    1.788505] e820: reserve RAM buffer [mem 0x5beed000-0x5bffffff]
[    1.788506] e820: reserve RAM buffer [mem 0x5bfbd018-0x5bffffff]
[    1.788507] e820: reserve RAM buffer [mem 0x5bfc7018-0x5bffffff]
[    1.788507] e820: reserve RAM buffer [mem 0x66909000-0x67ffffff]
[    1.788508] e820: reserve RAM buffer [mem 0x6d97e000-0x6fffffff]
[    1.788509] e820: reserve RAM buffer [mem 0x77800000-0x77ffffff]
[    1.788510] e820: reserve RAM buffer [mem 0xad9030000-0xadbffffff]
[    1.788709] pci 0000:02:00.0: vgaarb: setting as boot VGA device
[    1.788710] pci 0000:02:00.0: vgaarb: bridge control possible
[    1.788711] pci 0000:02:00.0: vgaarb: VGA device added: decodes=io+mem,owns=none,locks=none
[    1.788736] vgaarb: loaded
[    1.788739] hpet0: at MMIO 0xfed00000, IRQs 2, 8, 0, 0, 0, 0, 0, 0
[    1.788739] hpet0: 8 comparators, 64-bit 25.000000 MHz counter
[    1.791827] clocksource: Switched to clocksource tsc-early
[    1.792005] VFS: Disk quotas dquot_6.6.0
[    1.792045] VFS: Dquot-cache hash table entries: 512 (order 0, 4096 bytes)
[    1.792123] pnp: PnP ACPI init
[    1.797237] system 00:01: [io  0x0500-0x05fe] has been reserved
[    1.797239] system 00:01: [io  0x0400-0x041f] has been reserved
[    1.797242] system 00:01: [mem 0xff000000-0xffffffff] has been reserved
[    1.797433] system 00:02: [io  0x0a00-0x0a3f] has been reserved
[    1.797435] system 00:02: [io  0x0a40-0x0a5f] has been reserved
[    1.797436] system 00:02: [io  0x0a60-0x0a6f] has been reserved
[    1.797437] system 00:02: [io  0x0a70-0x0a7f] has been reserved
[    1.797438] system 00:02: [io  0x0a80-0x0a8f] has been reserved
[    1.798095] pnp 00:03: [dma 0 disabled]
[    1.798777] pnp 00:04: [dma 0 disabled]
[    1.798975] system 00:05: [io  0x0500-0x05fe] has been reserved
[    1.798977] system 00:05: [mem 0xfd000000-0xfd69ffff] could not be reserved
[    1.798979] system 00:05: [mem 0xfd6c0000-0xfd6cffff] has been reserved
[    1.798980] system 00:05: [mem 0xfd6f0000-0xfdffffff] has been reserved
[    1.798982] system 00:05: [mem 0xfe000000-0xfe01ffff] could not be reserved
[    1.798983] system 00:05: [mem 0xfe200000-0xfe7fffff] has been reserved
[    1.798984] system 00:05: [mem 0xff000000-0xffffffff] has been reserved
[    1.803566] pnp: PnP ACPI: found 7 devices
[    1.809590] clocksource: acpi_pm: mask: 0xffffff max_cycles: 0xffffff, max_idle_ns: 2085701024 ns
[    1.809674] NET: Registered PF_INET protocol family
[    1.809907] IP idents hash table entries: 262144 (order: 9, 2097152 bytes, linear)
[    1.812930] tcp_listen_portaddr_hash hash table entries: 8192 (order: 5, 131072 bytes, linear)
[    1.812946] Table-perturb hash table entries: 65536 (order: 6, 262144 bytes, linear)
[    1.812955] TCP established hash table entries: 131072 (order: 8, 1048576 bytes, linear)
[    1.813062] TCP bind hash table entries: 65536 (order: 9, 2097152 bytes, linear)
[    1.813256] TCP: Hash tables configured (established 131072 bind 65536)
[    1.813428] MPTCP token hash table entries: 16384 (order: 6, 393216 bytes, linear)
[    1.813458] UDP hash table entries: 8192 (order: 6, 262144 bytes, linear)
[    1.813486] UDP-Lite hash table entries: 8192 (order: 6, 262144 bytes, linear)
[    1.813589] NET: Registered PF_UNIX/PF_LOCAL protocol family
[    1.813596] NET: Registered PF_XDP protocol family
[    1.813614] pci 0000:00:1f.5: BAR 1: assigned [mem 0x92000000-0x93ffffff]
[    1.813635] pci 0000:00:1f.4: BAR 0: assigned [mem 0x200000000000-0x2000000000ff 64bit]
[    1.813649] pci 0000:01:00.0: PCI bridge to [bus 02]
[    1.813652] pci 0000:01:00.0:   bridge window [io  0x2000-0x2fff]
[    1.813658] pci 0000:01:00.0:   bridge window [mem 0x94000000-0x950fffff]
[    1.813667] pci 0000:00:1b.0: PCI bridge to [bus 01-02]
[    1.813669] pci 0000:00:1b.0:   bridge window [io  0x2000-0x2fff]
[    1.813673] pci 0000:00:1b.0:   bridge window [mem 0x94000000-0x950fffff]
[    1.813681] pci_bus 0000:00: resource 4 [io  0x0000-0x0cf7 window]
[    1.813683] pci_bus 0000:00: resource 5 [io  0x1000-0x3fff window]
[    1.813684] pci_bus 0000:00: resource 6 [mem 0x000a0000-0x000bffff window]
[    1.813690] pci_bus 0000:00: resource 7 [mem 0x000c8000-0x000cffff window]
[    1.813691] pci_bus 0000:00: resource 8 [mem 0xfe010000-0xfe010fff window]
[    1.813692] pci_bus 0000:00: resource 9 [mem 0x90040000-0x957fffff window]
[    1.813693] pci_bus 0000:00: resource 10 [mem 0x200000000000-0x203fffffffff window]
[    1.813695] pci_bus 0000:01: resource 0 [io  0x2000-0x2fff]
[    1.813696] pci_bus 0000:01: resource 1 [mem 0x94000000-0x950fffff]
[    1.813697] pci_bus 0000:02: resource 0 [io  0x2000-0x2fff]
[    1.813698] pci_bus 0000:02: resource 1 [mem 0x94000000-0x950fffff]
[    1.813746] pci_bus 0000:15: resource 4 [io  0x4000-0x6fff window]
[    1.813747] pci_bus 0000:15: resource 5 [mem 0x95800000-0xa97fffff window]
[    1.813748] pci_bus 0000:15: resource 6 [mem 0x204000000000-0x207fffffffff window]
[    1.813780] pci_bus 0000:3f: resource 4 [io  0x7000-0x9fff window]
[    1.813782] pci_bus 0000:3f: resource 5 [mem 0xbd700000-0xbd7fffff window]
[    1.813783] pci_bus 0000:3f: resource 6 [mem 0x20bf00000000-0x20bfffffffff window]
[    1.813813] pci_bus 0000:40: resource 4 [mem 0xa9a00000-0xbd6fffff window]
[    1.813814] pci_bus 0000:40: resource 5 [mem 0x208000000000-0x20beffffffff window]
[    1.813816] pci_bus 0000:69: resource 4 [io  0xa000-0xbfff window]
[    1.813817] pci_bus 0000:69: resource 5 [mem 0xbd800000-0xd17fffff window]
[    1.813818] pci_bus 0000:69: resource 6 [mem 0x20c000000000-0x20ffffffffff window]
[    1.813850] pci 0000:93:07.0: PCI bridge to [bus 94]
[    1.813854] pci 0000:93:07.0:   bridge window [mem 0xe5200000-0xe56fffff]
[    1.813857] pci 0000:93:07.0:   bridge window [mem 0x213fff400000-0x213fffcfffff 64bit pref]
[    1.813861] pci_bus 0000:93: resource 4 [io  0xc000-0xdfff window]
[    1.813862] pci_bus 0000:93: resource 5 [mem 0xd1800000-0xe57fffff window]
[    1.813863] pci_bus 0000:93: resource 6 [mem 0x210000000000-0x213fffffffff window]
[    1.813865] pci_bus 0000:94: resource 1 [mem 0xe5200000-0xe56fffff]
[    1.813866] pci_bus 0000:94: resource 2 [mem 0x213fff400000-0x213fffcfffff 64bit pref]
[    1.813897] pci 0000:bd:01.0: bridge window [io  0x1000-0x0fff] to [bus be] add_size 1000
[    1.813899] pci 0000:bd:01.0: bridge window [mem 0x00100000-0x000fffff 64bit pref] to [bus be] add_size 200000 add_align 100000
[    1.813901] pci 0000:bd:03.0: bridge window [io  0x1000-0x0fff] to [bus bf] add_size 1000
[    1.813903] pci 0000:bd:03.0: bridge window [mem 0x00100000-0x000fffff 64bit pref] to [bus bf] add_size 200000 add_align 100000
[    1.813904] pci 0000:bd:05.0: bridge window [io  0x1000-0x0fff] to [bus c0] add_size 1000
[    1.813906] pci 0000:bd:05.0: bridge window [mem 0x00100000-0x000fffff 64bit pref] to [bus c0] add_size 200000 add_align 100000
[    1.813908] pci 0000:bd:07.0: bridge window [io  0x1000-0x0fff] to [bus c1] add_size 1000
[    1.813909] pci 0000:bd:07.0: bridge window [mem 0x00100000-0x000fffff 64bit pref] to [bus c1] add_size 200000 add_align 100000
[    1.813914] pci 0000:bd:01.0: BAR 15: assigned [mem 0x214000000000-0x2140001fffff 64bit pref]
[    1.813916] pci 0000:bd:03.0: BAR 15: assigned [mem 0x214000200000-0x2140003fffff 64bit pref]
[    1.813918] pci 0000:bd:05.0: BAR 15: assigned [mem 0x214000400000-0x2140005fffff 64bit pref]
[    1.813919] pci 0000:bd:07.0: BAR 15: assigned [mem 0x214000600000-0x2140007fffff 64bit pref]
[    1.813921] pci 0000:bd:01.0: BAR 13: assigned [io  0xe000-0xefff]
[    1.813922] pci 0000:bd:03.0: BAR 13: assigned [io  0xf000-0xffff]
[    1.813923] pci 0000:bd:05.0: BAR 13: no space for [io  size 0x1000]
[    1.813925] pci 0000:bd:05.0: BAR 13: failed to assign [io  size 0x1000]
[    1.813926] pci 0000:bd:07.0: BAR 13: no space for [io  size 0x1000]
[    1.813927] pci 0000:bd:07.0: BAR 13: failed to assign [io  size 0x1000]
[    1.813930] pci 0000:bd:07.0: BAR 13: assigned [io  0xe000-0xefff]
[    1.813931] pci 0000:bd:05.0: BAR 13: assigned [io  0xf000-0xffff]
[    1.813932] pci 0000:bd:03.0: BAR 13: no space for [io  size 0x1000]
[    1.813933] pci 0000:bd:03.0: BAR 13: failed to assign [io  size 0x1000]
[    1.813934] pci 0000:bd:01.0: BAR 13: no space for [io  size 0x1000]
[    1.813935] pci 0000:bd:01.0: BAR 13: failed to assign [io  size 0x1000]
[    1.813937] pci 0000:bd:01.0: PCI bridge to [bus be]
[    1.813940] pci 0000:bd:01.0:   bridge window [mem 0xf9600000-0xf96fffff]
[    1.813943] pci 0000:bd:01.0:   bridge window [mem 0x214000000000-0x2140001fffff 64bit pref]
[    1.813947] pci 0000:bd:03.0: PCI bridge to [bus bf]
[    1.813950] pci 0000:bd:03.0:   bridge window [mem 0xf9500000-0xf95fffff]
[    1.813952] pci 0000:bd:03.0:   bridge window [mem 0x214000200000-0x2140003fffff 64bit pref]
[    1.813957] pci 0000:bd:05.0: PCI bridge to [bus c0]
[    1.813958] pci 0000:bd:05.0:   bridge window [io  0xf000-0xffff]
[    1.813961] pci 0000:bd:05.0:   bridge window [mem 0xf9400000-0xf94fffff]
[    1.813964] pci 0000:bd:05.0:   bridge window [mem 0x214000400000-0x2140005fffff 64bit pref]
[    1.813968] pci 0000:bd:07.0: PCI bridge to [bus c1]
[    1.813969] pci 0000:bd:07.0:   bridge window [io  0xe000-0xefff]
[    1.813972] pci 0000:bd:07.0:   bridge window [mem 0xf9300000-0xf93fffff]
[    1.813975] pci 0000:bd:07.0:   bridge window [mem 0x214000600000-0x2140007fffff 64bit pref]
[    1.813979] pci_bus 0000:bd: resource 4 [io  0xe000-0xffff window]
[    1.813980] pci_bus 0000:bd: resource 5 [mem 0xe5800000-0xf97fffff window]
[    1.813981] pci_bus 0000:bd: resource 6 [mem 0x214000000000-0x217fffffffff window]
[    1.813983] pci_bus 0000:be: resource 1 [mem 0xf9600000-0xf96fffff]
[    1.813984] pci_bus 0000:be: resource 2 [mem 0x214000000000-0x2140001fffff 64bit pref]
[    1.813985] pci_bus 0000:bf: resource 1 [mem 0xf9500000-0xf95fffff]
[    1.813986] pci_bus 0000:bf: resource 2 [mem 0x214000200000-0x2140003fffff 64bit pref]
[    1.813987] pci_bus 0000:c0: resource 0 [io  0xf000-0xffff]
[    1.813988] pci_bus 0000:c0: resource 1 [mem 0xf9400000-0xf94fffff]
[    1.813990] pci_bus 0000:c0: resource 2 [mem 0x214000400000-0x2140005fffff 64bit pref]
[    1.813991] pci_bus 0000:c1: resource 0 [io  0xe000-0xefff]
[    1.813992] pci_bus 0000:c1: resource 1 [mem 0xf9300000-0xf93fffff]
[    1.813993] pci_bus 0000:c1: resource 2 [mem 0x214000600000-0x2140007fffff 64bit pref]
[    1.814023] pci_bus 0000:e7: resource 4 [mem 0xf9800000-0xf9ffffff window]
[    1.814024] pci_bus 0000:e7: resource 5 [mem 0x218000000000-0x21bfffffffff window]
[    1.814028] pci_bus 0000:ec: resource 4 [mem 0xfa000000-0xfa7fffff window]
[    1.814029] pci_bus 0000:ec: resource 5 [mem 0x21c000000000-0x21ffffffffff window]
[    1.814033] pci_bus 0000:f1: resource 4 [mem 0xfa800000-0xfaffffff window]
[    1.814034] pci_bus 0000:f1: resource 5 [mem 0x220000000000-0x223fffffffff window]
[    1.814037] pci_bus 0000:f6: resource 4 [mem 0xfb000000-0xfb7fffff window]
[    1.814038] pci_bus 0000:f6: resource 5 [mem 0x224000000000-0x227fffffffff window]
[    1.814546] pci 0000:94:00.0: CLS mismatch (64 != 32), using 64 bytes
[    1.814720] Trying to unpack rootfs image as initramfs...
[    1.814742] DMAR: IOMMU feature pasid inconsistent
[    1.814743] DMAR: IOMMU feature prs inconsistent
[    1.814744] DMAR: IOMMU feature pasid inconsistent
[    1.814745] DMAR: IOMMU feature prs inconsistent
[    1.814746] DMAR: IOMMU feature pasid inconsistent
[    1.814746] DMAR: IOMMU feature prs inconsistent
[    1.814747] DMAR: IOMMU feature pasid inconsistent
[    1.814747] DMAR: IOMMU feature prs inconsistent
[    1.814748] DMAR: IOMMU feature pasid inconsistent
[    1.814748] DMAR: IOMMU feature prs inconsistent
[    1.814749] DMAR: IOMMU feature pasid inconsistent
[    1.814749] DMAR: IOMMU feature prs inconsistent
[    1.814750] DMAR: dmar8: Using Queued invalidation
[    1.814753] dmar8 SVM disabled, incompatible paging mode
[    1.814758] DMAR: dmar7: Using Queued invalidation
[    1.814760] dmar7 SVM disabled, incompatible paging mode
[    1.814762] DMAR: dmar6: Using Queued invalidation
[    1.814764] dmar6 SVM disabled, incompatible paging mode
[    1.814766] DMAR: dmar5: Using Queued invalidation
[    1.814767] dmar5 SVM disabled, incompatible paging mode
[    1.814769] DMAR: dmar4: Using Queued invalidation
[    1.814772] DMAR: dmar3: Using Queued invalidation
[    1.814774] DMAR: dmar2: Using Queued invalidation
[    1.814776] DMAR: dmar1: Using Queued invalidation
[    1.814778] DMAR: dmar0: Using Queued invalidation
[    1.814781] DMAR: dmar9: Using Queued invalidation
[    1.815171] pci 0000:f6:00.4: Adding to iommu group 0
[    1.815277] pci 0000:f1:00.4: Adding to iommu group 1
[    1.815374] pci 0000:ec:00.4: Adding to iommu group 2
[    1.815471] pci 0000:e7:00.4: Adding to iommu group 3
[    1.815515] pci 0000:e7:01.0: Adding to iommu group 4
[    1.815615] pci 0000:bd:00.4: Adding to iommu group 5
[    1.815647] pci 0000:bd:01.0: Adding to iommu group 6
[    1.815678] pci 0000:bd:03.0: Adding to iommu group 7
[    1.815714] pci 0000:bd:05.0: Adding to iommu group 8
[    1.815746] pci 0000:bd:07.0: Adding to iommu group 9
[    1.815778] pci 0000:be:00.0: Adding to iommu group 10
[    1.815878] pci 0000:93:00.4: Adding to iommu group 11
[    1.815909] pci 0000:93:07.0: Adding to iommu group 12
[    1.815942] pci 0000:94:00.0: Adding to iommu group 13
[    1.815977] pci 0000:94:00.1: Adding to iommu group 14
[    1.816075] pci 0000:69:00.4: Adding to iommu group 15
[    1.816170] pci 0000:3f:00.4: Adding to iommu group 16
[    1.816253] pci 0000:40:00.0: Adding to iommu group 17
[    1.816286] pci 0000:40:00.1: Adding to iommu group 17
[    1.816383] pci 0000:15:00.4: Adding to iommu group 18
[    1.816450] pci 0000:00:00.0: Adding to iommu group 19
[    1.816481] pci 0000:00:00.1: Adding to iommu group 20
[    1.816512] pci 0000:00:00.2: Adding to iommu group 21
[    1.816568] pci 0000:00:00.4: Adding to iommu group 22
[    1.816650] pci 0000:00:14.0: Adding to iommu group 23
[    1.816679] pci 0000:00:14.2: Adding to iommu group 23
[    1.816714] pci 0000:00:14.4: Adding to iommu group 24
[    1.816746] pci 0000:00:15.0: Adding to iommu group 25
[    1.816853] pci 0000:00:16.0: Adding to iommu group 26
[    1.816883] pci 0000:00:16.1: Adding to iommu group 26
[    1.816914] pci 0000:00:16.4: Adding to iommu group 26
[    1.816945] pci 0000:00:18.0: Adding to iommu group 27
[    1.816977] pci 0000:00:19.0: Adding to iommu group 28
[    1.817007] pci 0000:00:1b.0: Adding to iommu group 29
[    1.817139] pci 0000:00:1f.0: Adding to iommu group 30
[    1.817171] pci 0000:00:1f.3: Adding to iommu group 30
[    1.817202] pci 0000:00:1f.4: Adding to iommu group 30
[    1.817235] pci 0000:00:1f.5: Adding to iommu group 30
[    1.817238] pci 0000:01:00.0: Adding to iommu group 29
[    1.817242] pci 0000:02:00.0: Adding to iommu group 29
[    1.817272] pci 0000:15:00.0: Adding to iommu group 31
[    1.817302] pci 0000:15:00.1: Adding to iommu group 32
[    1.817333] pci 0000:15:00.2: Adding to iommu group 33
[    1.817365] pci 0000:3f:00.0: Adding to iommu group 34
[    1.817396] pci 0000:3f:00.1: Adding to iommu group 35
[    1.817426] pci 0000:3f:00.2: Adding to iommu group 36
[    1.817458] pci 0000:69:00.0: Adding to iommu group 37
[    1.817488] pci 0000:69:00.1: Adding to iommu group 38
[    1.817519] pci 0000:69:00.2: Adding to iommu group 39
[    1.817552] pci 0000:93:00.0: Adding to iommu group 40
[    1.817584] pci 0000:93:00.1: Adding to iommu group 41
[    1.817614] pci 0000:93:00.2: Adding to iommu group 42
[    1.817645] pci 0000:bd:00.0: Adding to iommu group 43
[    1.817675] pci 0000:bd:00.1: Adding to iommu group 44
[    1.817710] pci 0000:bd:00.2: Adding to iommu group 45
[    1.817741] pci 0000:e7:00.0: Adding to iommu group 46
[    1.817772] pci 0000:e7:00.1: Adding to iommu group 47
[    1.817802] pci 0000:e7:00.2: Adding to iommu group 48
[    1.817836] pci 0000:e7:03.0: Adding to iommu group 49
[    1.817866] pci 0000:e7:03.1: Adding to iommu group 50
[    1.817898] pci 0000:ec:00.0: Adding to iommu group 51
[    1.817928] pci 0000:ec:00.1: Adding to iommu group 52
[    1.817960] pci 0000:ec:00.2: Adding to iommu group 53
[    1.817990] pci 0000:f1:00.0: Adding to iommu group 54
[    1.818021] pci 0000:f1:00.1: Adding to iommu group 55
[    1.818052] pci 0000:f1:00.2: Adding to iommu group 56
[    1.818084] pci 0000:f6:00.0: Adding to iommu group 57
[    1.818115] pci 0000:f6:00.1: Adding to iommu group 58
[    1.818146] pci 0000:f6:00.2: Adding to iommu group 59
[    1.818177] pci 0000:fe:00.0: Adding to iommu group 60
[    1.818209] pci 0000:fe:00.1: Adding to iommu group 61
[    1.818239] pci 0000:fe:00.2: Adding to iommu group 62
[    1.818270] pci 0000:fe:00.3: Adding to iommu group 63
[    1.818301] pci 0000:fe:00.5: Adding to iommu group 64
[    1.818333] pci 0000:fe:01.0: Adding to iommu group 65
[    1.818364] pci 0000:fe:01.1: Adding to iommu group 66
[    1.818395] pci 0000:fe:01.2: Adding to iommu group 67
[    1.818425] pci 0000:fe:02.0: Adding to iommu group 68
[    1.818457] pci 0000:fe:02.1: Adding to iommu group 69
[    1.818487] pci 0000:fe:02.2: Adding to iommu group 70
[    1.818518] pci 0000:fe:03.0: Adding to iommu group 71
[    1.818549] pci 0000:fe:03.1: Adding to iommu group 72
[    1.818581] pci 0000:fe:03.2: Adding to iommu group 73
[    1.818611] pci 0000:fe:05.0: Adding to iommu group 74
[    1.818641] pci 0000:fe:05.1: Adding to iommu group 75
[    1.818671] pci 0000:fe:05.2: Adding to iommu group 76
[    1.818706] pci 0000:fe:06.0: Adding to iommu group 77
[    1.818736] pci 0000:fe:06.1: Adding to iommu group 78
[    1.818767] pci 0000:fe:06.2: Adding to iommu group 79
[    1.818797] pci 0000:fe:07.0: Adding to iommu group 80
[    1.818829] pci 0000:fe:07.1: Adding to iommu group 81
[    1.818859] pci 0000:fe:07.2: Adding to iommu group 82
[    1.818891] pci 0000:fe:08.0: Adding to iommu group 83
[    1.818922] pci 0000:fe:08.1: Adding to iommu group 84
[    1.818954] pci 0000:fe:08.2: Adding to iommu group 85
[    1.818985] pci 0000:fe:0c.0: Adding to iommu group 86
[    1.819016] pci 0000:fe:0d.0: Adding to iommu group 87
[    1.819049] pci 0000:fe:0e.0: Adding to iommu group 88
[    1.819080] pci 0000:fe:0f.0: Adding to iommu group 89
[    1.819111] pci 0000:fe:1a.0: Adding to iommu group 90
[    1.819141] pci 0000:fe:1b.0: Adding to iommu group 91
[    1.819172] pci 0000:fe:1c.0: Adding to iommu group 92
[    1.819204] pci 0000:fe:1d.0: Adding to iommu group 93
[    1.819234] pci 0000:ff:00.0: Adding to iommu group 94
[    1.819265] pci 0000:ff:00.1: Adding to iommu group 95
[    1.819296] pci 0000:ff:00.2: Adding to iommu group 96
[    1.819327] pci 0000:ff:00.3: Adding to iommu group 97
[    1.819359] pci 0000:ff:00.4: Adding to iommu group 98
[    1.819389] pci 0000:ff:00.5: Adding to iommu group 99
[    1.819420] pci 0000:ff:00.6: Adding to iommu group 100
[    1.819453] pci 0000:ff:00.7: Adding to iommu group 101
[    1.819483] pci 0000:ff:01.0: Adding to iommu group 102
[    1.819514] pci 0000:ff:01.1: Adding to iommu group 103
[    1.819544] pci 0000:ff:01.2: Adding to iommu group 104
[    1.819576] pci 0000:ff:01.3: Adding to iommu group 105
[    1.819606] pci 0000:ff:01.4: Adding to iommu group 106
[    1.819637] pci 0000:ff:01.5: Adding to iommu group 107
[    1.819668] pci 0000:ff:01.6: Adding to iommu group 108
[    1.819703] pci 0000:ff:01.7: Adding to iommu group 109
[    1.819734] pci 0000:ff:02.0: Adding to iommu group 110
[    1.819764] pci 0000:ff:02.1: Adding to iommu group 111
[    1.819794] pci 0000:ff:02.2: Adding to iommu group 112
[    1.819828] pci 0000:ff:02.3: Adding to iommu group 113
[    1.819858] pci 0000:ff:02.4: Adding to iommu group 114
[    1.819890] pci 0000:ff:02.5: Adding to iommu group 115
[    1.819921] pci 0000:ff:02.6: Adding to iommu group 116
[    1.819953] pci 0000:ff:02.7: Adding to iommu group 117
[    1.819983] pci 0000:ff:03.0: Adding to iommu group 118
[    1.820014] pci 0000:ff:03.1: Adding to iommu group 119
[    1.820044] pci 0000:ff:03.2: Adding to iommu group 120
[    1.820076] pci 0000:ff:03.3: Adding to iommu group 121
[    1.820107] pci 0000:ff:03.4: Adding to iommu group 122
[    1.820137] pci 0000:ff:03.5: Adding to iommu group 123
[    1.820168] pci 0000:ff:03.6: Adding to iommu group 124
[    1.820199] pci 0000:ff:03.7: Adding to iommu group 125
[    1.820230] pci 0000:ff:0a.0: Adding to iommu group 126
[    1.820261] pci 0000:ff:0a.1: Adding to iommu group 127
[    1.820292] pci 0000:ff:0a.2: Adding to iommu group 128
[    1.820323] pci 0000:ff:0a.3: Adding to iommu group 129
[    1.820355] pci 0000:ff:0a.4: Adding to iommu group 130
[    1.820386] pci 0000:ff:0a.5: Adding to iommu group 131
[    1.820416] pci 0000:ff:0a.6: Adding to iommu group 132
[    1.820448] pci 0000:ff:0a.7: Adding to iommu group 133
[    1.820479] pci 0000:ff:0b.0: Adding to iommu group 134
[    1.820511] pci 0000:ff:0b.1: Adding to iommu group 135
[    1.820542] pci 0000:ff:0b.2: Adding to iommu group 136
[    1.820573] pci 0000:ff:0b.3: Adding to iommu group 137
[    1.820604] pci 0000:ff:0b.4: Adding to iommu group 138
[    1.820634] pci 0000:ff:0b.5: Adding to iommu group 139
[    1.820665] pci 0000:ff:0b.6: Adding to iommu group 140
[    1.820699] pci 0000:ff:0b.7: Adding to iommu group 141
[    1.820729] pci 0000:ff:0c.0: Adding to iommu group 142
[    1.820760] pci 0000:ff:0c.1: Adding to iommu group 143
[    1.820791] pci 0000:ff:0c.2: Adding to iommu group 144
[    1.820823] pci 0000:ff:0c.3: Adding to iommu group 145
[    1.820853] pci 0000:ff:0c.4: Adding to iommu group 146
[    1.820885] pci 0000:ff:0c.5: Adding to iommu group 147
[    1.820916] pci 0000:ff:0c.6: Adding to iommu group 148
[    1.820948] pci 0000:ff:0c.7: Adding to iommu group 149
[    1.820979] pci 0000:ff:0d.0: Adding to iommu group 150
[    1.821010] pci 0000:ff:0d.1: Adding to iommu group 151
[    1.821040] pci 0000:ff:0d.2: Adding to iommu group 152
[    1.821072] pci 0000:ff:0d.3: Adding to iommu group 153
[    1.821102] pci 0000:ff:0d.4: Adding to iommu group 154
[    1.821133] pci 0000:ff:0d.5: Adding to iommu group 155
[    1.821164] pci 0000:ff:0d.6: Adding to iommu group 156
[    1.821195] pci 0000:ff:0d.7: Adding to iommu group 157
[    1.821226] pci 0000:ff:1d.0: Adding to iommu group 158
[    1.821257] pci 0000:ff:1d.1: Adding to iommu group 159
[    1.821493] pci 0000:ff:1e.0: Adding to iommu group 160
[    1.821548] pci 0000:ff:1e.1: Adding to iommu group 160
[    1.821603] pci 0000:ff:1e.2: Adding to iommu group 160
[    1.821658] pci 0000:ff:1e.3: Adding to iommu group 160
[    1.821714] pci 0000:ff:1e.4: Adding to iommu group 160
[    1.821768] pci 0000:ff:1e.5: Adding to iommu group 160
[    1.821821] pci 0000:ff:1e.6: Adding to iommu group 160
[    1.821875] pci 0000:ff:1e.7: Adding to iommu group 160
[    1.822057] DMAR: Intel(R) Virtualization Technology for Directed I/O
[    1.822058] PCI-DMA: Using software bounce buffering for IO (SWIOTLB)
[    1.822059] software IO TLB: mapped [mem 0x0000000068a3c000-0x000000006ca3c000] (64MB)
[    1.822066] ACPI: bus type thunderbolt registered
[    1.822156] clocksource: tsc: mask: 0xffffffffffffffff max_cycles: 0x1e4530a99b6, max_idle_ns: 440795257976 ns
[    1.822462] clocksource: Switched to clocksource tsc
[    1.828777] Initialise system trusted keyrings
[    1.828785] Key type blacklist registered
[    1.828828] workingset: timestamp_bits=36 max_order=22 bucket_order=0
[    1.828848] zbud: loaded
[    1.829254] integrity: Platform Keyring initialized
[    1.840538] NET: Registered PF_ALG protocol family
[    1.840541] Key type asymmetric registered
[    1.840542] Asymmetric key parser 'x509' registered
[    3.945894] Freeing initrd memory: 105748K
[    3.949429] Block layer SCSI generic (bsg) driver version 0.4 loaded (major 245)
[    3.949475] io scheduler mq-deadline registered
[    3.949476] io scheduler kyber registered
[    3.949484] io scheduler bfq registered
[    3.951614] atomic64_test: passed for x86-64 platform with CX8 and with SSE
[    3.952047] pcieport 0000:00:00.4: PME: Signaling with IRQ 38
[    3.952342] pcieport 0000:00:1b.0: PME: Signaling with IRQ 39
[    3.952554] pcieport 0000:15:00.4: PME: Signaling with IRQ 40
[    3.952726] pcieport 0000:3f:00.4: PME: Signaling with IRQ 41
[    3.952943] pcieport 0000:69:00.4: PME: Signaling with IRQ 42
[    3.953104] pcieport 0000:93:00.4: PME: Signaling with IRQ 43
[    3.953252] pcieport 0000:93:07.0: PME: Signaling with IRQ 44
[    3.953440] pcieport 0000:bd:00.4: PME: Signaling with IRQ 45
[    3.953596] pcieport 0000:bd:01.0: PME: Signaling with IRQ 46
[    3.953619] pcieport 0000:bd:01.0: pciehp: Slot #0 AttnBtn+ PwrCtrl+ MRL- AttnInd+ PwrInd+ HotPlug+ Surprise- Interlock- NoCompl- IbPresDis- LLActRep+ (with Cmd Compl erratum)
[    3.953838] pcieport 0000:bd:03.0: PME: Signaling with IRQ 47
[    3.953852] pcieport 0000:bd:03.0: pciehp: Slot #0 AttnBtn+ PwrCtrl+ MRL- AttnInd+ PwrInd+ HotPlug+ Surprise- Interlock- NoCompl- IbPresDis- LLActRep+ (with Cmd Compl erratum)
[    3.954053] pcieport 0000:bd:05.0: PME: Signaling with IRQ 48
[    3.954067] pcieport 0000:bd:05.0: pciehp: Slot #0 AttnBtn+ PwrCtrl+ MRL- AttnInd+ PwrInd+ HotPlug+ Surprise- Interlock- NoCompl- IbPresDis- LLActRep+ (with Cmd Compl erratum)
[    3.954273] pcieport 0000:bd:07.0: PME: Signaling with IRQ 49
[    3.954287] pcieport 0000:bd:07.0: pciehp: Slot #0 AttnBtn+ PwrCtrl+ MRL- AttnInd+ PwrInd+ HotPlug+ Surprise- Interlock- NoCompl- IbPresDis- LLActRep+ (with Cmd Compl erratum)
[    3.954477] pcieport 0000:e7:00.4: PME: Signaling with IRQ 50
[    3.954632] pcieport 0000:ec:00.4: PME: Signaling with IRQ 51
[    3.954775] pcieport 0000:f1:00.4: PME: Signaling with IRQ 52
[    3.954915] pcieport 0000:f6:00.4: PME: Signaling with IRQ 53
[    3.955178] shpchp: Standard Hot Plug PCI Controller Driver version: 0.4
[    3.955411] Monitor-Mwait will be used to enter C-1 state
[    3.955423] Monitor-Mwait will be used to enter C-2 state
[    3.955430] ACPI: \_SB_.SCK0.C000: Found 2 idle states
[    3.958388] input: Power Button as /devices/LNXSYSTM:00/LNXSYBUS:00/PNP0C0C:00/input/input0
[    3.958444] ACPI: button: Power Button [PWRB]
